<html>
<body>
<pre>
<h1>µVision Build Log</h1>
<h2>Tool Versions:</h2>
IDE-Version: µVision V5.31.0.0
Copyright (C) 2020 ARM Ltd and ARM Germany GmbH. All rights reserved.
License Information: Anh Hoang, aaaaaa, LIC=PE7DL-0Z11A-8T93P-M91YL-2YWSL-BAVCH
 
Tool Versions:
Toolchain:       MDK-ARM Plus  Version: 5.31.0.0
Toolchain Path:  D:\Windows\Keil-C\Keil_v5\ARM\ARMCC\Bin
C Compiler:      Armcc.exe V5.06 update 6 (build 750)
Assembler:       Armasm.exe V5.06 update 6 (build 750)
Linker/Locator:  ArmLink.exe V5.06 update 6 (build 750)
Library Manager: ArmAr.exe V5.06 update 6 (build 750)
Hex Converter:   FromElf.exe V5.06 update 6 (build 750)
CPU DLL:         SARMCM3.DLL V5.31.0.0
Dialog DLL:      DCM.DLL V1.17.3.0
Target DLL:      STLink\ST-LINKIII-KEIL_SWO.dll V3.0.7.0
Dialog DLL:      TCM.DLL V1.46.0.0
 
<h2>Project:</h2>
D:\Windows\Keil-C\Keil_v5\Projects\RFIDdemo3\MDK-ARM\RFIDdemo3.uvprojx
Project File Date:  03/06/2024

<h2>Output:</h2>
*** Using Compiler 'V5.06 update 6 (build 750)', folder: 'D:\Windows\Keil-C\Keil_v5\ARM\ARMCC\Bin'
Build target 'RFIDdemo3'
compiling main.c...
../Core/Src/main.c(101): warning:  #188-D: enumerated type mixed with another type
  						HAL_GPIO_WritePin(GPIOA, GPIO_PIN_9, 1);
../Core/Src/main.c(103): warning:  #188-D: enumerated type mixed with another type
  						HAL_GPIO_WritePin(GPIOA, GPIO_PIN_9, 0);
../Core/Src/main.c(104): warning:  #188-D: enumerated type mixed with another type
  	  			  HAL_GPIO_WritePin(GPIOC, GPIO_PIN_13, 0);
../Core/Src/main.c(106): warning:  #188-D: enumerated type mixed with another type
  	  			  HAL_GPIO_WritePin(GPIOC, GPIO_PIN_13, 1);
../Core/Src/main.c: 4 warnings, 0 errors
linking...
Program Size: Code=4632 RO-data=304 RW-data=16 ZI-data=1736  
FromELF: creating hex file...
"RFIDdemo3\RFIDdemo3.axf" - 0 Error(s), 4 Warning(s).

<h2>Software Packages used:</h2>

Package Vendor: ARM
                http://www.keil.com/pack/ARM.CMSIS.5.7.0.pack
                ARM.CMSIS.5.7.0
                CMSIS (Cortex Microcontroller Software Interface Standard)
   * Component: CORE Version: 5.4.0

Package Vendor: Keil
                https://www.keil.com/pack/Keil.STM32F1xx_DFP.2.4.1.pack
                Keil.STM32F1xx_DFP.2.4.1
                STMicroelectronics STM32F1 Series Device Support, Drivers and Examples

<h2>Collection of Component include folders:</h2>
  .\RTE\_RFIDdemo3
  D:\Windows\Keil-C\Packs\ARM\CMSIS\5.7.0\CMSIS\Core\Include
  D:\Windows\Keil-C\Packs\Keil\STM32F1xx_DFP\2.4.1\Device\Include

<h2>Collection of Component Files used:</h2>

   * Component: ARM::CMSIS:CORE:5.4.0
Build Time Elapsed:  00:00:01
</pre>
</body>
</html>
