Component: ARM Compiler 5.06 update 6 (build 750) Tool: armlink [4d35ed]

==============================================================================

Section Cross References

    startup_stm32f103xb.o(STACK) refers (Special) to heapauxi.o(.text) for __use_two_region_memory
    startup_stm32f103xb.o(HEAP) refers (Special) to heapauxi.o(.text) for __use_two_region_memory
    startup_stm32f103xb.o(RESET) refers (Special) to heapauxi.o(.text) for __use_two_region_memory
    startup_stm32f103xb.o(RESET) refers to startup_stm32f103xb.o(STACK) for __initial_sp
    startup_stm32f103xb.o(RESET) refers to startup_stm32f103xb.o(.text) for Reset_Handler
    startup_stm32f103xb.o(RESET) refers to stm32f1xx_it.o(i.NMI_Handler) for NMI_Handler
    startup_stm32f103xb.o(RESET) refers to stm32f1xx_it.o(i.HardFault_Handler) for HardFault_Handler
    startup_stm32f103xb.o(RESET) refers to stm32f1xx_it.o(i.MemManage_Handler) for MemManage_Handler
    startup_stm32f103xb.o(RESET) refers to stm32f1xx_it.o(i.BusFault_Handler) for BusFault_Handler
    startup_stm32f103xb.o(RESET) refers to stm32f1xx_it.o(i.UsageFault_Handler) for UsageFault_Handler
    startup_stm32f103xb.o(RESET) refers to stm32f1xx_it.o(i.SVC_Handler) for SVC_Handler
    startup_stm32f103xb.o(RESET) refers to stm32f1xx_it.o(i.DebugMon_Handler) for DebugMon_Handler
    startup_stm32f103xb.o(RESET) refers to stm32f1xx_it.o(i.PendSV_Handler) for PendSV_Handler
    startup_stm32f103xb.o(RESET) refers to stm32f1xx_it.o(i.SysTick_Handler) for SysTick_Handler
    startup_stm32f103xb.o(RESET) refers to stm32f1xx_it.o(i.USB_LP_CAN1_RX0_IRQHandler) for USB_LP_CAN1_RX0_IRQHandler
    startup_stm32f103xb.o(.text) refers (Special) to heapauxi.o(.text) for __use_two_region_memory
    startup_stm32f103xb.o(.text) refers to system_stm32f1xx.o(i.SystemInit) for SystemInit
    startup_stm32f103xb.o(.text) refers to __main.o(!!!main) for __main
    startup_stm32f103xb.o(.text) refers to startup_stm32f103xb.o(HEAP) for Heap_Mem
    startup_stm32f103xb.o(.text) refers to startup_stm32f103xb.o(STACK) for Stack_Mem
    stm32f1_rc522.o(i.AntennaOff) refers to stm32f1_rc522.o(i.ClearBitMask) for ClearBitMask
    stm32f1_rc522.o(i.AntennaOn) refers to stm32f1_rc522.o(i.Read_MFRC522) for Read_MFRC522
    stm32f1_rc522.o(i.AntennaOn) refers to stm32f1_rc522.o(i.SetBitMask) for SetBitMask
    stm32f1_rc522.o(i.CalulateCRC) refers to stm32f1_rc522.o(i.ClearBitMask) for ClearBitMask
    stm32f1_rc522.o(i.CalulateCRC) refers to stm32f1_rc522.o(i.SetBitMask) for SetBitMask
    stm32f1_rc522.o(i.CalulateCRC) refers to stm32f1_rc522.o(i.Write_MFRC522) for Write_MFRC522
    stm32f1_rc522.o(i.CalulateCRC) refers to stm32f1_rc522.o(i.Read_MFRC522) for Read_MFRC522
    stm32f1_rc522.o(i.ClearBitMask) refers to stm32f1_rc522.o(i.Read_MFRC522) for Read_MFRC522
    stm32f1_rc522.o(i.ClearBitMask) refers to stm32f1_rc522.o(i.Write_MFRC522) for Write_MFRC522
    stm32f1_rc522.o(i.MFRC522_Anticoll) refers to stm32f1_rc522.o(i.Write_MFRC522) for Write_MFRC522
    stm32f1_rc522.o(i.MFRC522_Anticoll) refers to stm32f1_rc522.o(i.MFRC522_ToCard) for MFRC522_ToCard
    stm32f1_rc522.o(i.MFRC522_Auth) refers to stm32f1_rc522.o(i.MFRC522_ToCard) for MFRC522_ToCard
    stm32f1_rc522.o(i.MFRC522_Auth) refers to stm32f1_rc522.o(i.Read_MFRC522) for Read_MFRC522
    stm32f1_rc522.o(i.MFRC522_Halt) refers to stm32f1_rc522.o(i.CalulateCRC) for CalulateCRC
    stm32f1_rc522.o(i.MFRC522_Halt) refers to stm32f1_rc522.o(i.MFRC522_ToCard) for MFRC522_ToCard
    stm32f1_rc522.o(i.MFRC522_Init) refers to stm32f1xx_hal_gpio.o(i.HAL_GPIO_WritePin) for HAL_GPIO_WritePin
    stm32f1_rc522.o(i.MFRC522_Init) refers to stm32f1_rc522.o(i.MFRC522_Reset) for MFRC522_Reset
    stm32f1_rc522.o(i.MFRC522_Init) refers to stm32f1_rc522.o(i.Write_MFRC522) for Write_MFRC522
    stm32f1_rc522.o(i.MFRC522_Init) refers to stm32f1_rc522.o(i.AntennaOn) for AntennaOn
    stm32f1_rc522.o(i.MFRC522_Read) refers to stm32f1_rc522.o(i.CalulateCRC) for CalulateCRC
    stm32f1_rc522.o(i.MFRC522_Read) refers to stm32f1_rc522.o(i.MFRC522_ToCard) for MFRC522_ToCard
    stm32f1_rc522.o(i.MFRC522_Request) refers to stm32f1_rc522.o(i.Write_MFRC522) for Write_MFRC522
    stm32f1_rc522.o(i.MFRC522_Request) refers to stm32f1_rc522.o(i.MFRC522_ToCard) for MFRC522_ToCard
    stm32f1_rc522.o(i.MFRC522_Reset) refers to stm32f1_rc522.o(i.Write_MFRC522) for Write_MFRC522
    stm32f1_rc522.o(i.MFRC522_SelectTag) refers to stm32f1_rc522.o(i.CalulateCRC) for CalulateCRC
    stm32f1_rc522.o(i.MFRC522_SelectTag) refers to stm32f1_rc522.o(i.MFRC522_ToCard) for MFRC522_ToCard
    stm32f1_rc522.o(i.MFRC522_ToCard) refers to stm32f1_rc522.o(i.Write_MFRC522) for Write_MFRC522
    stm32f1_rc522.o(i.MFRC522_ToCard) refers to stm32f1_rc522.o(i.ClearBitMask) for ClearBitMask
    stm32f1_rc522.o(i.MFRC522_ToCard) refers to stm32f1_rc522.o(i.SetBitMask) for SetBitMask
    stm32f1_rc522.o(i.MFRC522_ToCard) refers to stm32f1_rc522.o(i.Read_MFRC522) for Read_MFRC522
[...]
    ../clib/signal.c                         0x00000000   Number         0  defsig_rtred_inner.o ABSOLUTE
    ../clib/signal.s                         0x00000000   Number         0  defsig.o ABSOLUTE
    ../clib/stdlib.c                         0x00000000   Number         0  exit.o ABSOLUTE
    ../fplib/fpinit.s                        0x00000000   Number         0  fpinit.o ABSOLUTE
    ..\Core\Src\main.c                       0x00000000   Number         0  main.o ABSOLUTE
    ..\Core\Src\stm32f1_rc522.c              0x00000000   Number         0  stm32f1_rc522.o ABSOLUTE
    ..\Core\Src\stm32f1xx_hal_msp.c          0x00000000   Number         0  stm32f1xx_hal_msp.o ABSOLUTE
    ..\Core\Src\stm32f1xx_it.c               0x00000000   Number         0  stm32f1xx_it.o ABSOLUTE
    ..\Core\Src\system_stm32f1xx.c           0x00000000   Number         0  system_stm32f1xx.o ABSOLUTE
    ..\Drivers\STM32F1xx_HAL_Driver\Src\stm32f1xx_hal.c 0x00000000   Number         0  stm32f1xx_hal.o ABSOLUTE
    ..\Drivers\STM32F1xx_HAL_Driver\Src\stm32f1xx_hal_cortex.c 0x00000000   Number         0  stm32f1xx_hal_cortex.o ABSOLUTE
    ..\Drivers\STM32F1xx_HAL_Driver\Src\stm32f1xx_hal_dma.c 0x00000000   Number         0  stm32f1xx_hal_dma.o ABSOLUTE
    ..\Drivers\STM32F1xx_HAL_Driver\Src\stm32f1xx_hal_exti.c 0x00000000   Number         0  stm32f1xx_hal_exti.o ABSOLUTE
    ..\Drivers\STM32F1xx_HAL_Driver\Src\stm32f1xx_hal_flash.c 0x00000000   Number         0  stm32f1xx_hal_flash.o ABSOLUTE
    ..\Drivers\STM32F1xx_HAL_Driver\Src\stm32f1xx_hal_flash_ex.c 0x00000000   Number         0  stm32f1xx_hal_flash_ex.o ABSOLUTE
    ..\Drivers\STM32F1xx_HAL_Driver\Src\stm32f1xx_hal_gpio.c 0x00000000   Number         0  stm32f1xx_hal_gpio.o ABSOLUTE
    ..\Drivers\STM32F1xx_HAL_Driver\Src\stm32f1xx_hal_gpio_ex.c 0x00000000   Number         0  stm32f1xx_hal_gpio_ex.o ABSOLUTE
    ..\Drivers\STM32F1xx_HAL_Driver\Src\stm32f1xx_hal_pcd.c 0x00000000   Number         0  stm32f1xx_hal_pcd.o ABSOLUTE
    ..\Drivers\STM32F1xx_HAL_Driver\Src\stm32f1xx_hal_pcd_ex.c 0x00000000   Number         0  stm32f1xx_hal_pcd_ex.o ABSOLUTE
    ..\Drivers\STM32F1xx_HAL_Driver\Src\stm32f1xx_hal_pwr.c 0x00000000   Number         0  stm32f1xx_hal_pwr.o ABSOLUTE
    ..\Drivers\STM32F1xx_HAL_Driver\Src\stm32f1xx_hal_rcc.c 0x00000000   Number         0  stm32f1xx_hal_rcc.o ABSOLUTE
    ..\Drivers\STM32F1xx_HAL_Driver\Src\stm32f1xx_hal_rcc_ex.c 0x00000000   Number         0  stm32f1xx_hal_rcc_ex.o ABSOLUTE
    ..\Drivers\STM32F1xx_HAL_Driver\Src\stm32f1xx_hal_spi.c 0x00000000   Number         0  stm32f1xx_hal_spi.o ABSOLUTE
    ..\Drivers\STM32F1xx_HAL_Driver\Src\stm32f1xx_hal_tim.c 0x00000000   Number         0  stm32f1xx_hal_tim.o ABSOLUTE
    ..\Drivers\STM32F1xx_HAL_Driver\Src\stm32f1xx_hal_tim_ex.c 0x00000000   Number         0  stm32f1xx_hal_tim_ex.o ABSOLUTE
    ..\Drivers\STM32F1xx_HAL_Driver\Src\stm32f1xx_ll_usb.c 0x00000000   Number         0  stm32f1xx_ll_usb.o ABSOLUTE
    ..\Middlewares\ST\STM32_USB_Device_Library\Class\HID\Src\usbd_hid.c 0x00000000   Number         0  usbd_hid.o ABSOLUTE
    ..\Middlewares\ST\STM32_USB_Device_Library\Core\Src\usbd_core.c 0x00000000   Number         0  usbd_core.o ABSOLUTE
    ..\Middlewares\ST\STM32_USB_Device_Library\Core\Src\usbd_ctlreq.c 0x00000000   Number         0  usbd_ctlreq.o ABSOLUTE
    ..\Middlewares\ST\STM32_USB_Device_Library\Core\Src\usbd_ioreq.c 0x00000000   Number         0  usbd_ioreq.o ABSOLUTE
    ..\USB_DEVICE\App\usb_device.c           0x00000000   Number         0  usb_device.o ABSOLUTE
    ..\USB_DEVICE\App\usbd_desc.c            0x00000000   Number         0  usbd_desc.o ABSOLUTE
    ..\USB_DEVICE\Target\usbd_conf.c         0x00000000   Number         0  usbd_conf.o ABSOLUTE
    ..\\Core\\Src\\stm32f1_rc522.c           0x00000000   Number         0  stm32f1_rc522.o ABSOLUTE
    dc.s                                     0x00000000   Number         0  dc.o ABSOLUTE
    startup_stm32f103xb.s                    0x00000000   Number         0  startup_stm32f103xb.o ABSOLUTE
    RESET                                    0x08000000   Section      236  startup_stm32f103xb.o(RESET)
    !!!main                                  0x080000ec   Section        8  __main.o(!!!main)
    !!!scatter                               0x080000f4   Section       52  __scatter.o(!!!scatter)
    !!dczerorl2                              0x08000128   Section       90  __dczerorl2.o(!!dczerorl2)
    !!handler_zi                             0x08000184   Section       28  __scatter_zi.o(!!handler_zi)
    .ARM.Collect$$libinit$$00000000          0x080001a0   Section        2  libinit.o(.ARM.Collect$$libinit$$00000000)
    .ARM.Collect$$libinit$$00000002          0x080001a2   Section        0  libinit2.o(.ARM.Collect$$libinit$$00000002)
    .ARM.Collect$$libinit$$00000004          0x080001a2   Section        0  libinit2.o(.ARM.Collect$$libinit$$00000004)
    .ARM.Collect$$libinit$$0000000A          0x080001a2   Section        0  libinit2.o(.ARM.Collect$$libinit$$0000000A)
    .ARM.Collect$$libinit$$0000000C          0x080001a2   Section        0  libinit2.o(.ARM.Collect$$libinit$$0000000C)
    .ARM.Collect$$libinit$$0000000E          0x080001a2   Section        0  libinit2.o(.ARM.Collect$$libinit$$0000000E)
    .ARM.Collect$$libinit$$00000011          0x080001a2   Section        0  libinit2.o(.ARM.Collect$$libinit$$00000011)
    .ARM.Collect$$libinit$$00000013          0x080001a2   Section        0  libinit2.o(.ARM.Collect$$libinit$$00000013)
    .ARM.Collect$$libinit$$00000015          0x080001a2   Section        0  libinit2.o(.ARM.Collect$$libinit$$00000015)
    .ARM.Collect$$libinit$$00000017          0x080001a2   Section        0  libinit2.o(.ARM.Collect$$libinit$$00000017)
    .ARM.Collect$$libinit$$00000019          0x080001a2   Section        0  libinit2.o(.ARM.Collect$$libinit$$00000019)
    .ARM.Collect$$libinit$$0000001B          0x080001a2   Section        0  libinit2.o(.ARM.Collect$$libinit$$0000001B)
    .ARM.Collect$$libinit$$0000001D          0x080001a2   Section        0  libinit2.o(.ARM.Collect$$libinit$$0000001D)
    .ARM.Collect$$libinit$$0000001F          0x080001a2   Section        0  libinit2.o(.ARM.Collect$$libinit$$0000001F)
    .ARM.Collect$$libinit$$00000021          0x080001a2   Section        0  libinit2.o(.ARM.Collect$$libinit$$00000021)
    .ARM.Collect$$libinit$$00000023          0x080001a2   Section        0  libinit2.o(.ARM.Collect$$libinit$$00000023)
    .ARM.Collect$$libinit$$00000025          0x080001a2   Section        0  libinit2.o(.ARM.Collect$$libinit$$00000025)
    .ARM.Collect$$libinit$$0000002C          0x080001a2   Section        0  libinit2.o(.ARM.Collect$$libinit$$0000002C)
    .ARM.Collect$$libinit$$0000002E          0x080001a2   Section        0  libinit2.o(.ARM.Collect$$libinit$$0000002E)
    .ARM.Collect$$libinit$$00000030          0x080001a2   Section        0  libinit2.o(.ARM.Collect$$libinit$$00000030)
    .ARM.Collect$$libinit$$00000032          0x080001a2   Section        0  libinit2.o(.ARM.Collect$$libinit$$00000032)
    .ARM.Collect$$libinit$$00000033          0x080001a2   Section        2  libinit2.o(.ARM.Collect$$libinit$$00000033)
    .ARM.Collect$$libshutdown$$00000000      0x080001a4   Section        2  libshutdown.o(.ARM.Collect$$libshutdown$$00000000)
    .ARM.Collect$$libshutdown$$00000002      0x080001a6   Section        0  libshutdown2.o(.ARM.Collect$$libshutdown$$00000002)
    .ARM.Collect$$libshutdown$$00000004      0x080001a6   Section        0  libshutdown2.o(.ARM.Collect$$libshutdown$$00000004)
    .ARM.Collect$$libshutdown$$00000007      0x080001a6   Section        0  libshutdown2.o(.ARM.Collect$$libshutdown$$00000007)
    .ARM.Collect$$libshutdown$$0000000A      0x080001a6   Section        0  libshutdown2.o(.ARM.Collect$$libshutdown$$0000000A)
    .ARM.Collect$$libshutdown$$0000000C      0x080001a6   Section        0  libshutdown2.o(.ARM.Collect$$libshutdown$$0000000C)
    .ARM.Collect$$libshutdown$$0000000F      0x080001a6   Section        0  libshutdown2.o(.ARM.Collect$$libshutdown$$0000000F)
    .ARM.Collect$$libshutdown$$00000010      0x080001a6   Section        2  libshutdown2.o(.ARM.Collect$$libshutdown$$00000010)
    .ARM.Collect$$rtentry$$00000000          0x080001a8   Section        0  __rtentry.o(.ARM.Collect$$rtentry$$00000000)
    .ARM.Collect$$rtentry$$00000002          0x080001a8   Section        0  __rtentry2.o(.ARM.Collect$$rtentry$$00000002)
    .ARM.Collect$$rtentry$$00000004          0x080001a8   Section        6  __rtentry4.o(.ARM.Collect$$rtentry$$00000004)
    .ARM.Collect$$rtentry$$00000009          0x080001ae   Section        0  __rtentry2.o(.ARM.Collect$$rtentry$$00000009)
    .ARM.Collect$$rtentry$$0000000A          0x080001ae   Section        4  __rtentry2.o(.ARM.Collect$$rtentry$$0000000A)
    .ARM.Collect$$rtentry$$0000000C          0x080001b2   Section        0  __rtentry2.o(.ARM.Collect$$rtentry$$0000000C)
    .ARM.Collect$$rtentry$$0000000D          0x080001b2   Section        8  __rtentry2.o(.ARM.Collect$$rtentry$$0000000D)
    .ARM.Collect$$rtexit$$00000000           0x080001ba   Section        2  rtexit.o(.ARM.Collect$$rtexit$$00000000)
    .ARM.Collect$$rtexit$$00000002           0x080001bc   Section        0  rtexit2.o(.ARM.Collect$$rtexit$$00000002)
    .ARM.Collect$$rtexit$$00000003           0x080001bc   Section        4  rtexit2.o(.ARM.Collect$$rtexit$$00000003)
    .ARM.Collect$$rtexit$$00000004           0x080001c0   Section        6  rtexit2.o(.ARM.Collect$$rtexit$$00000004)
    .text                                    0x080001c8   Section       64  startup_stm32f103xb.o(.text)
    .text                                    0x08000208   Section      100  rt_memcpy_w.o(.text)
    .text                                    0x0800026c   Section       78  rt_memclr_w.o(.text)
    .text                                    0x080002ba   Section        0  heapauxi.o(.text)
    .text                                    0x080002c0   Section       74  sys_stackheap_outer.o(.text)
    .text                                    0x0800030a   Section        0  exit.o(.text)
    .text                                    0x0800031c   Section        8  libspace.o(.text)
    .text                                    0x08000324   Section        0  sys_exit.o(.text)
    .text                                    0x08000330   Section        2  use_no_semi.o(.text)
    .text                                    0x08000332   Section        0  indicate_semi.o(.text)
    i.AntennaOn                              0x08000332   Section        0  stm32f1_rc522.o(i.AntennaOn)
    i.BusFault_Handler                       0x08000346   Section        0  stm32f1xx_it.o(i.BusFault_Handler)
    i.ClearBitMask                           0x08000348   Section        0  stm32f1_rc522.o(i.ClearBitMask)
    i.DebugMon_Handler                       0x08000360   Section        0  stm32f1xx_it.o(i.DebugMon_Handler)
    i.Error_Handler                          0x08000362   Section        0  main.o(i.Error_Handler)
    i.HAL_Delay                              0x08000368   Section        0  stm32f1xx_hal.o(i.HAL_Delay)
    i.HAL_GPIO_Init                          0x0800038c   Section        0  stm32f1xx_hal_gpio.o(i.HAL_GPIO_Init)
    i.HAL_GPIO_WritePin                      0x0800056c   Section        0  stm32f1xx_hal_gpio.o(i.HAL_GPIO_WritePin)
    i.HAL_GetTick                            0x08000578   Section        0  stm32f1xx_hal.o(i.HAL_GetTick)
    i.HAL_IncTick                            0x08000584   Section        0  stm32f1xx_hal.o(i.HAL_IncTick)
    i.HAL_Init                               0x08000594   Section        0  stm32f1xx_hal.o(i.HAL_Init)
    i.HAL_InitTick                           0x080005b8   Section        0  stm32f1xx_hal.o(i.HAL_InitTick)
    i.HAL_MspInit                            0x080005f8   Section        0  stm32f1xx_hal_msp.o(i.HAL_MspInit)
    i.HAL_NVIC_EnableIRQ                     0x08000634   Section        0  stm32f1xx_hal_cortex.o(i.HAL_NVIC_EnableIRQ)
    i.HAL_NVIC_SetPriority                   0x08000650   Section        0  stm32f1xx_hal_cortex.o(i.HAL_NVIC_SetPriority)
    i.HAL_NVIC_SetPriorityGrouping           0x08000690   Section        0  stm32f1xx_hal_cortex.o(i.HAL_NVIC_SetPriorityGrouping)
    i.HAL_PCDEx_PMAConfig                    0x080006b4   Section        0  stm32f1xx_hal_pcd_ex.o(i.HAL_PCDEx_PMAConfig)
    i.HAL_PCDEx_SetConnectionState           0x080006f0   Section        0  usbd_conf.o(i.HAL_PCDEx_SetConnectionState)
    i.HAL_PCD_DataInStageCallback            0x080006f2   Section        0  usbd_conf.o(i.HAL_PCD_DataInStageCallback)
    i.HAL_PCD_DataOutStageCallback           0x08000704   Section        0  usbd_conf.o(i.HAL_PCD_DataOutStageCallback)
    i.HAL_PCD_EP_Close                       0x08000718   Section        0  stm32f1xx_hal_pcd.o(i.HAL_PCD_EP_Close)
    i.HAL_PCD_EP_ClrStall                    0x08000764   Section        0  stm32f1xx_hal_pcd.o(i.HAL_PCD_EP_ClrStall)
    i.HAL_PCD_EP_DB_Receive                  0x080007c0   Section        0  stm32f1xx_hal_pcd.o(i.HAL_PCD_EP_DB_Receive)
    HAL_PCD_EP_DB_Receive                    0x080007c1   Thumb Code   230  stm32f1xx_hal_pcd.o(i.HAL_PCD_EP_DB_Receive)
    i.HAL_PCD_EP_DB_Transmit                 0x080008a6   Section        0  stm32f1xx_hal_pcd.o(i.HAL_PCD_EP_DB_Transmit)
    HAL_PCD_EP_DB_Transmit                   0x080008a7   Thumb Code   824  stm32f1xx_hal_pcd.o(i.HAL_PCD_EP_DB_Transmit)
    i.HAL_PCD_EP_Open                        0x08000bde   Section        0  stm32f1xx_hal_pcd.o(i.HAL_PCD_EP_Open)
    i.HAL_PCD_EP_Receive                     0x08000c38   Section        0  stm32f1xx_hal_pcd.o(i.HAL_PCD_EP_Receive)
    i.HAL_PCD_EP_SetStall                    0x08000c66   Section        0  stm32f1xx_hal_pcd.o(i.HAL_PCD_EP_SetStall)
    i.HAL_PCD_EP_Transmit                    0x08000cd8   Section        0  stm32f1xx_hal_pcd.o(i.HAL_PCD_EP_Transmit)
    i.HAL_PCD_IRQHandler                     0x08000d08   Section        0  stm32f1xx_hal_pcd.o(i.HAL_PCD_IRQHandler)
    i.HAL_PCD_Init                           0x08000e3c   Section        0  stm32f1xx_hal_pcd.o(i.HAL_PCD_Init)
    i.HAL_PCD_MspInit                        0x08000f18   Section        0  usbd_conf.o(i.HAL_PCD_MspInit)
    i.HAL_PCD_ResetCallback                  0x08000f54   Section        0  usbd_conf.o(i.HAL_PCD_ResetCallback)
    i.HAL_PCD_ResumeCallback                 0x08000f7a   Section        0  usbd_conf.o(i.HAL_PCD_ResumeCallback)
    i.HAL_PCD_SOFCallback                    0x08000f82   Section        0  usbd_conf.o(i.HAL_PCD_SOFCallback)
    i.HAL_PCD_SetAddress                     0x08000f8a   Section        0  stm32f1xx_hal_pcd.o(i.HAL_PCD_SetAddress)
    i.HAL_PCD_SetupStageCallback             0x08000fb2   Section        0  usbd_conf.o(i.HAL_PCD_SetupStageCallback)
    i.HAL_PCD_Start                          0x08000fc0   Section        0  stm32f1xx_hal_pcd.o(i.HAL_PCD_Start)
    i.HAL_PCD_SuspendCallback                0x08000ff4   Section        0  usbd_conf.o(i.HAL_PCD_SuspendCallback)
    i.HAL_RCCEx_PeriphCLKConfig              0x08001018   Section        0  stm32f1xx_hal_rcc_ex.o(i.HAL_RCCEx_PeriphCLKConfig)
    i.HAL_RCC_ClockConfig                    0x08001104   Section        0  stm32f1xx_hal_rcc.o(i.HAL_RCC_ClockConfig)
    i.HAL_RCC_GetSysClockFreq                0x08001230   Section        0  stm32f1xx_hal_rcc.o(i.HAL_RCC_GetSysClockFreq)
    i.HAL_RCC_OscConfig                      0x0800127c   Section        0  stm32f1xx_hal_rcc.o(i.HAL_RCC_OscConfig)
    i.HAL_SPI_Init                           0x0800159c   Section        0  stm32f1xx_hal_spi.o(i.HAL_SPI_Init)
    i.HAL_SPI_MspInit                        0x08001650   Section        0  stm32f1xx_hal_msp.o(i.HAL_SPI_MspInit)
    i.HAL_SPI_TransmitReceive                0x080016c0   Section        0  stm32f1xx_hal_spi.o(i.HAL_SPI_TransmitReceive)
    i.HAL_SYSTICK_Config                     0x080018ae   Section        0  stm32f1xx_hal_cortex.o(i.HAL_SYSTICK_Config)
    i.HardFault_Handler                      0x080018d6   Section        0  stm32f1xx_it.o(i.HardFault_Handler)
    i.IntToUnicode                           0x080018d8   Section        0  usbd_desc.o(i.IntToUnicode)
    IntToUnicode                             0x080018d9   Thumb Code    56  usbd_desc.o(i.IntToUnicode)
    i.MFRC522_Anticoll                       0x08001910   Section        0  stm32f1_rc522.o(i.MFRC522_Anticoll)
    i.MFRC522_Init                           0x08001954   Section        0  stm32f1_rc522.o(i.MFRC522_Init)
    i.MFRC522_Request                        0x080019b0   Section        0  stm32f1_rc522.o(i.MFRC522_Request)
    i.MFRC522_Reset                          0x080019dc   Section        0  stm32f1_rc522.o(i.MFRC522_Reset)
    i.MFRC522_ToCard                         0x080019e4   Section        0  stm32f1_rc522.o(i.MFRC522_ToCard)
    i.MX_GPIO_Init                           0x08001aec   Section        0  main.o(i.MX_GPIO_Init)
    MX_GPIO_Init                             0x08001aed   Thumb Code   144  main.o(i.MX_GPIO_Init)
    i.MX_SPI1_Init                           0x08001b88   Section        0  main.o(i.MX_SPI1_Init)
    MX_SPI1_Init                             0x08001b89   Thumb Code    58  main.o(i.MX_SPI1_Init)
    i.MX_USB_DEVICE_Init                     0x08001bcc   Section        0  usb_device.o(i.MX_USB_DEVICE_Init)
    i.MemManage_Handler                      0x08001c0c   Section        0  stm32f1xx_it.o(i.MemManage_Handler)
    i.NMI_Handler                            0x08001c0e   Section        0  stm32f1xx_it.o(i.NMI_Handler)
    i.PCD_EP_ISR_Handler                     0x08001c10   Section        0  stm32f1xx_hal_pcd.o(i.PCD_EP_ISR_Handler)
    PCD_EP_ISR_Handler                       0x08001c11   Thumb Code   940  stm32f1xx_hal_pcd.o(i.PCD_EP_ISR_Handler)
    i.PendSV_Handler                         0x08001fbc   Section        0  stm32f1xx_it.o(i.PendSV_Handler)
    i.RC522_SPI_Transfer                     0x08001fc0   Section        0  stm32f1_rc522.o(i.RC522_SPI_Transfer)
    i.Read_MFRC522                           0x08001fe0   Section        0  stm32f1_rc522.o(i.Read_MFRC522)
    i.SPI_EndRxTxTransaction                 0x08002018   Section        0  stm32f1xx_hal_spi.o(i.SPI_EndRxTxTransaction)
    SPI_EndRxTxTransaction                   0x08002019   Thumb Code    32  stm32f1xx_hal_spi.o(i.SPI_EndRxTxTransaction)
    i.SPI_WaitFlagStateUntilTimeout          0x08002038   Section        0  stm32f1xx_hal_spi.o(i.SPI_WaitFlagStateUntilTimeout)
    SPI_WaitFlagStateUntilTimeout            0x08002039   Thumb Code   180  stm32f1xx_hal_spi.o(i.SPI_WaitFlagStateUntilTimeout)
    i.SVC_Handler                            0x080020f0   Section        0  stm32f1xx_it.o(i.SVC_Handler)
    i.SetBitMask                             0x080020f2   Section        0  stm32f1_rc522.o(i.SetBitMask)
    i.SysTick_Handler                        0x0800210a   Section        0  stm32f1xx_it.o(i.SysTick_Handler)
    i.SystemClock_Config                     0x0800210e   Section        0  main.o(i.SystemClock_Config)
    i.SystemInit                             0x08002184   Section        0  system_stm32f1xx.o(i.SystemInit)
    i.USBD_ClrClassConfig                    0x08002186   Section        0  usbd_core.o(i.USBD_ClrClassConfig)
    i.USBD_CtlContinueRx                     0x08002194   Section        0  usbd_ioreq.o(i.USBD_CtlContinueRx)
    i.USBD_CtlContinueSendData               0x080021a4   Section        0  usbd_ioreq.o(i.USBD_CtlContinueSendData)
    i.USBD_CtlError                          0x080021b4   Section        0  usbd_ctlreq.o(i.USBD_CtlError)
    i.USBD_CtlReceiveStatus                  0x080021ca   Section        0  usbd_ioreq.o(i.USBD_CtlReceiveStatus)
    i.USBD_CtlSendData                       0x080021e0   Section        0  usbd_ioreq.o(i.USBD_CtlSendData)
    i.USBD_CtlSendStatus                     0x080021fa   Section        0  usbd_ioreq.o(i.USBD_CtlSendStatus)
    i.USBD_FS_ConfigStrDescriptor            0x08002210   Section        0  usbd_desc.o(i.USBD_FS_ConfigStrDescriptor)
    i.USBD_FS_DeviceDescriptor               0x08002230   Section        0  usbd_desc.o(i.USBD_FS_DeviceDescriptor)
    i.USBD_FS_InterfaceStrDescriptor         0x0800223c   Section        0  usbd_desc.o(i.USBD_FS_InterfaceStrDescriptor)
    i.USBD_FS_LangIDStrDescriptor            0x08002260   Section        0  usbd_desc.o(i.USBD_FS_LangIDStrDescriptor)
    i.USBD_FS_ManufacturerStrDescriptor      0x0800226c   Section        0  usbd_desc.o(i.USBD_FS_ManufacturerStrDescriptor)
    i.USBD_FS_ProductStrDescriptor           0x08002294   Section        0  usbd_desc.o(i.USBD_FS_ProductStrDescriptor)
    i.USBD_FS_SerialStrDescriptor            0x080022b4   Section        0  usbd_desc.o(i.USBD_FS_SerialStrDescriptor)
    i.USBD_GetDescriptor                     0x080022ec   Section        0  usbd_ctlreq.o(i.USBD_GetDescriptor)
    USBD_GetDescriptor                       0x080022ed   Thumb Code   232  usbd_ctlreq.o(i.USBD_GetDescriptor)
    i.USBD_GetString                         0x080023d4   Section        0  usbd_ctlreq.o(i.USBD_GetString)
    i.USBD_Get_USB_Status                    0x0800241c   Section        0  usbd_conf.o(i.USBD_Get_USB_Status)
    USBD_Get_USB_Status                      0x0800241d   Thumb Code    24  usbd_conf.o(i.USBD_Get_USB_Status)
    i.USBD_HID_DataIn                        0x08002434   Section        0  usbd_hid.o(i.USBD_HID_DataIn)
    USBD_HID_DataIn                          0x08002435   Thumb Code    12  usbd_hid.o(i.USBD_HID_DataIn)
    i.USBD_HID_DeInit                        0x08002440   Section        0  usbd_hid.o(i.USBD_HID_DeInit)
    USBD_HID_DeInit                          0x08002441   Thumb Code    32  usbd_hid.o(i.USBD_HID_DeInit)
    i.USBD_HID_GetDeviceQualifierDesc        0x08002460   Section        0  usbd_hid.o(i.USBD_HID_GetDeviceQualifierDesc)
    USBD_HID_GetDeviceQualifierDesc          0x08002461   Thumb Code     8  usbd_hid.o(i.USBD_HID_GetDeviceQualifierDesc)
    i.USBD_HID_GetFSCfgDesc                  0x0800246c   Section        0  usbd_hid.o(i.USBD_HID_GetFSCfgDesc)
    USBD_HID_GetFSCfgDesc                    0x0800246d   Thumb Code     8  usbd_hid.o(i.USBD_HID_GetFSCfgDesc)
    i.USBD_HID_GetHSCfgDesc                  0x08002478   Section        0  usbd_hid.o(i.USBD_HID_GetHSCfgDesc)
    USBD_HID_GetHSCfgDesc                    0x08002479   Thumb Code     8  usbd_hid.o(i.USBD_HID_GetHSCfgDesc)
    i.USBD_HID_GetOtherSpeedCfgDesc          0x08002484   Section        0  usbd_hid.o(i.USBD_HID_GetOtherSpeedCfgDesc)
    USBD_HID_GetOtherSpeedCfgDesc            0x08002485   Thumb Code     8  usbd_hid.o(i.USBD_HID_GetOtherSpeedCfgDesc)
    i.USBD_HID_Init                          0x08002490   Section        0  usbd_hid.o(i.USBD_HID_Init)
    USBD_HID_Init                            0x08002491   Thumb Code    42  usbd_hid.o(i.USBD_HID_Init)
    i.USBD_HID_SendReport                    0x080024ba   Section        0  usbd_hid.o(i.USBD_HID_SendReport)
    i.USBD_HID_Setup                         0x080024e0   Section        0  usbd_hid.o(i.USBD_HID_Setup)
    USBD_HID_Setup                           0x080024e1   Thumb Code   196  usbd_hid.o(i.USBD_HID_Setup)
    i.USBD_Init                              0x080025a8   Section        0  usbd_core.o(i.USBD_Init)
    i.USBD_LL_ClearStallEP                   0x080025d2   Section        0  usbd_conf.o(i.USBD_LL_ClearStallEP)
    i.USBD_LL_CloseEP                        0x080025e4   Section        0  usbd_conf.o(i.USBD_LL_CloseEP)
    i.USBD_LL_DataInStage                    0x080025f6   Section        0  usbd_core.o(i.USBD_LL_DataInStage)
    i.USBD_LL_DataOutStage                   0x080026bc   Section        0  usbd_core.o(i.USBD_LL_DataOutStage)
    i.USBD_LL_Init                           0x08002740   Section        0  usbd_conf.o(i.USBD_LL_Init)
    i.USBD_LL_IsStallEP                      0x080027a8   Section        0  usbd_conf.o(i.USBD_LL_IsStallEP)
    i.USBD_LL_OpenEP                         0x080027c8   Section        0  usbd_conf.o(i.USBD_LL_OpenEP)
    i.USBD_LL_PrepareReceive                 0x080027e0   Section        0  usbd_conf.o(i.USBD_LL_PrepareReceive)
    i.USBD_LL_Reset                          0x080027f2   Section        0  usbd_core.o(i.USBD_LL_Reset)
    i.USBD_LL_Resume                         0x08002842   Section        0  usbd_core.o(i.USBD_LL_Resume)
    i.USBD_LL_SOF                            0x08002856   Section        0  usbd_core.o(i.USBD_LL_SOF)
    i.USBD_LL_SetSpeed                       0x0800286e   Section        0  usbd_core.o(i.USBD_LL_SetSpeed)
    i.USBD_LL_SetUSBAddress                  0x08002874   Section        0  usbd_conf.o(i.USBD_LL_SetUSBAddress)
    i.USBD_LL_SetupStage                     0x08002886   Section        0  usbd_core.o(i.USBD_LL_SetupStage)
    i.USBD_LL_StallEP                        0x080028e0   Section        0  usbd_conf.o(i.USBD_LL_StallEP)
    i.USBD_LL_Start                          0x080028f2   Section        0  usbd_conf.o(i.USBD_LL_Start)
    i.USBD_LL_Suspend                        0x08002904   Section        0  usbd_core.o(i.USBD_LL_Suspend)
    i.USBD_LL_Transmit                       0x08002916   Section        0  usbd_conf.o(i.USBD_LL_Transmit)
    i.USBD_ParseSetupRequest                 0x08002928   Section        0  usbd_ctlreq.o(i.USBD_ParseSetupRequest)
    i.USBD_RegisterClass                     0x08002950   Section        0  usbd_core.o(i.USBD_RegisterClass)
    i.USBD_SetClassConfig                    0x08002960   Section        0  usbd_core.o(i.USBD_SetClassConfig)
    i.USBD_SetConfig                         0x08002978   Section        0  usbd_ctlreq.o(i.USBD_SetConfig)
    USBD_SetConfig                           0x08002979   Thumb Code   128  usbd_ctlreq.o(i.USBD_SetConfig)
    i.USBD_Start                             0x080029fc   Section        0  usbd_core.o(i.USBD_Start)
    i.USBD_StdDevReq                         0x08002a06   Section        0  usbd_ctlreq.o(i.USBD_StdDevReq)
    i.USBD_StdEPReq                          0x08002b18   Section        0  usbd_ctlreq.o(i.USBD_StdEPReq)
    i.USBD_StdItfReq                         0x08002c68   Section        0  usbd_ctlreq.o(i.USBD_StdItfReq)
    i.USBD_static_free                       0x08002cb6   Section        0  usbd_conf.o(i.USBD_static_free)
    i.USBD_static_malloc                     0x08002cb8   Section        0  usbd_conf.o(i.USBD_static_malloc)
    i.USB_ActivateEndpoint                   0x08002cc0   Section        0  stm32f1xx_ll_usb.o(i.USB_ActivateEndpoint)
    i.USB_CoreInit                           0x08002f5c   Section        0  stm32f1xx_ll_usb.o(i.USB_CoreInit)
    i.USB_DeactivateEndpoint                 0x08002f60   Section        0  stm32f1xx_ll_usb.o(i.USB_DeactivateEndpoint)
    i.USB_DevConnect                         0x0800306e   Section        0  stm32f1xx_ll_usb.o(i.USB_DevConnect)
    i.USB_DevDisconnect                      0x08003072   Section        0  stm32f1xx_ll_usb.o(i.USB_DevDisconnect)
    i.USB_DevInit                            0x08003076   Section        0  stm32f1xx_ll_usb.o(i.USB_DevInit)
    i.USB_DisableGlobalInt                   0x08003088   Section        0  stm32f1xx_ll_usb.o(i.USB_DisableGlobalInt)
    i.USB_EP0_OutStart                       0x08003096   Section        0  stm32f1xx_ll_usb.o(i.USB_EP0_OutStart)
    i.USB_EPClearStall                       0x0800309a   Section        0  stm32f1xx_ll_usb.o(i.USB_EPClearStall)
    i.USB_EPSetStall                         0x08003112   Section        0  stm32f1xx_ll_usb.o(i.USB_EPSetStall)
    i.USB_EPStartXfer                        0x08003144   Section        0  stm32f1xx_ll_usb.o(i.USB_EPStartXfer)
    i.USB_EnableGlobalInt                    0x08003626   Section        0  stm32f1xx_ll_usb.o(i.USB_EnableGlobalInt)
    i.USB_LP_CAN1_RX0_IRQHandler             0x08003638   Section        0  stm32f1xx_it.o(i.USB_LP_CAN1_RX0_IRQHandler)
    i.USB_ReadInterrupts                     0x08003644   Section        0  stm32f1xx_ll_usb.o(i.USB_ReadInterrupts)
    i.USB_ReadPMA                            0x0800364c   Section        0  stm32f1xx_ll_usb.o(i.USB_ReadPMA)
    i.USB_SetCurrentMode                     0x08003678   Section        0  stm32f1xx_ll_usb.o(i.USB_SetCurrentMode)
    i.USB_SetDevAddress                      0x0800367c   Section        0  stm32f1xx_ll_usb.o(i.USB_SetDevAddress)
    i.USB_WritePMA                           0x08003688   Section        0  stm32f1xx_ll_usb.o(i.USB_WritePMA)
    i.UsageFault_Handler                     0x080036ae   Section        0  stm32f1xx_it.o(i.UsageFault_Handler)
    i.Write_MFRC522                          0x080036b0   Section        0  stm32f1_rc522.o(i.Write_MFRC522)
    i.__NVIC_SetPriority                     0x080036e4   Section        0  stm32f1xx_hal_cortex.o(i.__NVIC_SetPriority)
    __NVIC_SetPriority                       0x080036e5   Thumb Code    32  stm32f1xx_hal_cortex.o(i.__NVIC_SetPriority)
    i.main                                   0x08003704   Section        0  main.o(i.main)
    .constdata                               0x080037e4   Section       18  stm32f1xx_hal_rcc.o(.constdata)
    aPredivFactorTable                       0x080037e4   Data           2  stm32f1xx_hal_rcc.o(.constdata)
    aPLLMULFactorTable                       0x080037e6   Data          16  stm32f1xx_hal_rcc.o(.constdata)
    .constdata                               0x080037f6   Section       16  system_stm32f1xx.o(.constdata)
    .data                                    0x20000000   Section        6  main.o(.data)
    .data                                    0x20000008   Section       28  usbd_desc.o(.data)
    .data                                    0x20000024   Section       50  usbd_desc.o(.data)
    .data                                    0x20000058   Section       12  stm32f1xx_hal.o(.data)
    .data                                    0x20000064   Section        4  system_stm32f1xx.o(.data)
    .data                                    0x20000068   Section        1  usbd_ctlreq.o(.data)
    cfgidx                                   0x20000068   Data           1  usbd_ctlreq.o(.data)
    .data                                    0x2000006c   Section       56  usbd_hid.o(.data)
    .data                                    0x200000a4   Section      195  usbd_hid.o(.data)
    USBD_HID_CfgFSDesc                       0x200000a4   Data          34  usbd_hid.o(.data)
    USBD_HID_CfgHSDesc                       0x200000c8   Data          34  usbd_hid.o(.data)
    USBD_HID_OtherSpeedCfgDesc               0x200000ec   Data          34  usbd_hid.o(.data)
    USBD_HID_Desc                            0x20000110   Data           9  usbd_hid.o(.data)
    USBD_HID_DeviceQualifierDesc             0x2000011c   Data          10  usbd_hid.o(.data)
    HID_MOUSE_ReportDesc                     0x20000128   Data          63  usbd_hid.o(.data)
    .bss                                     0x20000168   Section      104  main.o(.bss)
    .bss                                     0x200001d0   Section      708  usb_device.o(.bss)
    .bss                                     0x20000494   Section      512  usbd_desc.o(.bss)
    .bss                                     0x20000694   Section      772  usbd_conf.o(.bss)
    mem                                      0x20000694   Data          20  usbd_conf.o(.bss)
    .bss                                     0x20000998   Section       96  libspace.o(.bss)
    HEAP                                     0x200009f8   Section      512  startup_stm32f103xb.o(HEAP)
    Heap_Mem                                 0x200009f8   Data         512  startup_stm32f103xb.o(HEAP)
    STACK                                    0x20000bf8   Section     1024  startup_stm32f103xb.o(STACK)
    Stack_Mem                                0x20000bf8   Data        1024  startup_stm32f103xb.o(STACK)
    __initial_sp                             0x20000ff8   Data           0  startup_stm32f103xb.o(STACK)

    Global Symbols

    Symbol Name                              Value     Ov Type        Size  Object(Section)

    BuildAttributes$$THM_ISAv4$P$D$K$B$S$PE$A:L22UL41UL21$X:L11$S22US41US21$IEEE1$IW$USESV6$~STKCKD$USESV7$~SHL$OSPACE$ROPI$EBA8$UX$STANDARDLIB$REQ8$PRES8$EABIv2 0x00000000   Number         0  anon$$obj.o ABSOLUTE
    __ARM_use_no_argv                        0x00000000   Number         0  main.o ABSOLUTE
    __ARM_exceptions_init                     - Undefined Weak Reference
    __alloca_initialize                       - Undefined Weak Reference
    __arm_preinit_                            - Undefined Weak Reference
    __cpp_initialize__aeabi_                  - Undefined Weak Reference
    __cxa_finalize                            - Undefined Weak Reference
    __rt_locale                               - Undefined Weak Reference
    __sigvec_lookup                           - Undefined Weak Reference
    _atexit_init                              - Undefined Weak Reference
    _call_atexit_fns                          - Undefined Weak Reference
    _clock_init                               - Undefined Weak Reference
    _fp_trap_init                             - Undefined Weak Reference
    _fp_trap_shutdown                         - Undefined Weak Reference
    _get_lc_collate                           - Undefined Weak Reference
    _get_lc_ctype                             - Undefined Weak Reference
    _get_lc_monetary                          - Undefined Weak Reference
    _get_lc_numeric                           - Undefined Weak Reference
    _get_lc_time                              - Undefined Weak Reference
    _getenv_init                              - Undefined Weak Reference
    _handle_redirection                       - Undefined Weak Reference
    _init_alloc                               - Undefined Weak Reference
    _init_user_alloc                          - Undefined Weak Reference
    _initio                                   - Undefined Weak Reference
    _rand_init                                - Undefined Weak Reference
    _signal_finish                            - Undefined Weak Reference
    _signal_init                              - Undefined Weak Reference
    _terminate_alloc                          - Undefined Weak Reference
    _terminate_user_alloc                     - Undefined Weak Reference
    _terminateio                              - Undefined Weak Reference
    __Vectors_Size                           0x000000ec   Number         0  startup_stm32f103xb.o ABSOLUTE
    __Vectors                                0x08000000   Data           4  startup_stm32f103xb.o(RESET)
    __Vectors_End                            0x080000ec   Data           0  startup_stm32f103xb.o(RESET)
    __main                                   0x080000ed   Thumb Code     8  __main.o(!!!main)
    __scatterload                            0x080000f5   Thumb Code     0  __scatter.o(!!!scatter)
    __scatterload_rt2                        0x080000f5   Thumb Code    44  __scatter.o(!!!scatter)
    __scatterload_rt2_thumb_only             0x080000f5   Thumb Code     0  __scatter.o(!!!scatter)
    __scatterload_null                       0x08000103   Thumb Code     0  __scatter.o(!!!scatter)
    __decompress                             0x08000129   Thumb Code    90  __dczerorl2.o(!!dczerorl2)
    __decompress1                            0x08000129   Thumb Code     0  __dczerorl2.o(!!dczerorl2)
    __scatterload_zeroinit                   0x08000185   Thumb Code    28  __scatter_zi.o(!!handler_zi)
    __rt_lib_init                            0x080001a1   Thumb Code     0  libinit.o(.ARM.Collect$$libinit$$00000000)
    __rt_lib_init_alloca_1                   0x080001a3   Thumb Code     0  libinit2.o(.ARM.Collect$$libinit$$0000002E)
    __rt_lib_init_argv_1                     0x080001a3   Thumb Code     0  libinit2.o(.ARM.Collect$$libinit$$0000002C)
    __rt_lib_init_atexit_1                   0x080001a3   Thumb Code     0  libinit2.o(.ARM.Collect$$libinit$$0000001B)
    __rt_lib_init_clock_1                    0x080001a3   Thumb Code     0  libinit2.o(.ARM.Collect$$libinit$$00000021)
    __rt_lib_init_cpp_1                      0x080001a3   Thumb Code     0  libinit2.o(.ARM.Collect$$libinit$$00000032)
    __rt_lib_init_exceptions_1               0x080001a3   Thumb Code     0  libinit2.o(.ARM.Collect$$libinit$$00000030)
    __rt_lib_init_fp_1                       0x080001a3   Thumb Code     0  libinit2.o(.ARM.Collect$$libinit$$00000002)
    __rt_lib_init_fp_trap_1                  0x080001a3   Thumb Code     0  libinit2.o(.ARM.Collect$$libinit$$0000001F)
    __rt_lib_init_getenv_1                   0x080001a3   Thumb Code     0  libinit2.o(.ARM.Collect$$libinit$$00000023)
    __rt_lib_init_heap_1                     0x080001a3   Thumb Code     0  libinit2.o(.ARM.Collect$$libinit$$0000000A)
    __rt_lib_init_lc_collate_1               0x080001a3   Thumb Code     0  libinit2.o(.ARM.Collect$$libinit$$00000011)
    __rt_lib_init_lc_ctype_1                 0x080001a3   Thumb Code     0  libinit2.o(.ARM.Collect$$libinit$$00000013)
    __rt_lib_init_lc_monetary_1              0x080001a3   Thumb Code     0  libinit2.o(.ARM.Collect$$libinit$$00000015)
    __rt_lib_init_lc_numeric_1               0x080001a3   Thumb Code     0  libinit2.o(.ARM.Collect$$libinit$$00000017)
    __rt_lib_init_lc_time_1                  0x080001a3   Thumb Code     0  libinit2.o(.ARM.Collect$$libinit$$00000019)
    __rt_lib_init_preinit_1                  0x080001a3   Thumb Code     0  libinit2.o(.ARM.Collect$$libinit$$00000004)
    __rt_lib_init_rand_1                     0x080001a3   Thumb Code     0  libinit2.o(.ARM.Collect$$libinit$$0000000E)
    __rt_lib_init_return                     0x080001a3   Thumb Code     0  libinit2.o(.ARM.Collect$$libinit$$00000033)
    __rt_lib_init_signal_1                   0x080001a3   Thumb Code     0  libinit2.o(.ARM.Collect$$libinit$$0000001D)
    __rt_lib_init_stdio_1                    0x080001a3   Thumb Code     0  libinit2.o(.ARM.Collect$$libinit$$00000025)
    __rt_lib_init_user_alloc_1               0x080001a3   Thumb Code     0  libinit2.o(.ARM.Collect$$libinit$$0000000C)
    __rt_lib_shutdown                        0x080001a5   Thumb Code     0  libshutdown.o(.ARM.Collect$$libshutdown$$00000000)
    __rt_lib_shutdown_cpp_1                  0x080001a7   Thumb Code     0  libshutdown2.o(.ARM.Collect$$libshutdown$$00000002)
    __rt_lib_shutdown_fp_trap_1              0x080001a7   Thumb Code     0  libshutdown2.o(.ARM.Collect$$libshutdown$$00000007)
    __rt_lib_shutdown_heap_1                 0x080001a7   Thumb Code     0  libshutdown2.o(.ARM.Collect$$libshutdown$$0000000F)
    __rt_lib_shutdown_return                 0x080001a7   Thumb Code     0  libshutdown2.o(.ARM.Collect$$libshutdown$$00000010)
    __rt_lib_shutdown_signal_1               0x080001a7   Thumb Code     0  libshutdown2.o(.ARM.Collect$$libshutdown$$0000000A)
    __rt_lib_shutdown_stdio_1                0x080001a7   Thumb Code     0  libshutdown2.o(.ARM.Collect$$libshutdown$$00000004)
    __rt_lib_shutdown_user_alloc_1           0x080001a7   Thumb Code     0  libshutdown2.o(.ARM.Collect$$libshutdown$$0000000C)
    __rt_entry                               0x080001a9   Thumb Code     0  __rtentry.o(.ARM.Collect$$rtentry$$00000000)
    __rt_entry_presh_1                       0x080001a9   Thumb Code     0  __rtentry2.o(.ARM.Collect$$rtentry$$00000002)
    __rt_entry_sh                            0x080001a9   Thumb Code     0  __rtentry4.o(.ARM.Collect$$rtentry$$00000004)
    __rt_entry_li                            0x080001af   Thumb Code     0  __rtentry2.o(.ARM.Collect$$rtentry$$0000000A)
    __rt_entry_postsh_1                      0x080001af   Thumb Code     0  __rtentry2.o(.ARM.Collect$$rtentry$$00000009)
    __rt_entry_main                          0x080001b3   Thumb Code     0  __rtentry2.o(.ARM.Collect$$rtentry$$0000000D)
    __rt_entry_postli_1                      0x080001b3   Thumb Code     0  __rtentry2.o(.ARM.Collect$$rtentry$$0000000C)
    __rt_exit                                0x080001bb   Thumb Code     0  rtexit.o(.ARM.Collect$$rtexit$$00000000)
    __rt_exit_ls                             0x080001bd   Thumb Code     0  rtexit2.o(.ARM.Collect$$rtexit$$00000003)
    __rt_exit_prels_1                        0x080001bd   Thumb Code     0  rtexit2.o(.ARM.Collect$$rtexit$$00000002)
    __rt_exit_exit                           0x080001c1   Thumb Code     0  rtexit2.o(.ARM.Collect$$rtexit$$00000004)
    Reset_Handler                            0x080001c9   Thumb Code     8  startup_stm32f103xb.o(.text)
    ADC1_2_IRQHandler                        0x080001e3   Thumb Code     0  startup_stm32f103xb.o(.text)
    CAN1_RX1_IRQHandler                      0x080001e3   Thumb Code     0  startup_stm32f103xb.o(.text)
    CAN1_SCE_IRQHandler                      0x080001e3   Thumb Code     0  startup_stm32f103xb.o(.text)
    DMA1_Channel1_IRQHandler                 0x080001e3   Thumb Code     0  startup_stm32f103xb.o(.text)
    DMA1_Channel2_IRQHandler                 0x080001e3   Thumb Code     0  startup_stm32f103xb.o(.text)
    DMA1_Channel3_IRQHandler                 0x080001e3   Thumb Code     0  startup_stm32f103xb.o(.text)
    DMA1_Channel4_IRQHandler                 0x080001e3   Thumb Code     0  startup_stm32f103xb.o(.text)
    DMA1_Channel5_IRQHandler                 0x080001e3   Thumb Code     0  startup_stm32f103xb.o(.text)
    DMA1_Channel6_IRQHandler                 0x080001e3   Thumb Code     0  startup_stm32f103xb.o(.text)
    DMA1_Channel7_IRQHandler                 0x080001e3   Thumb Code     0  startup_stm32f103xb.o(.text)
    EXTI0_IRQHandler                         0x080001e3   Thumb Code     0  startup_stm32f103xb.o(.text)
    EXTI15_10_IRQHandler                     0x080001e3   Thumb Code     0  startup_stm32f103xb.o(.text)
    EXTI1_IRQHandler                         0x080001e3   Thumb Code     0  startup_stm32f103xb.o(.text)
    EXTI2_IRQHandler                         0x080001e3   Thumb Code     0  startup_stm32f103xb.o(.text)
    EXTI3_IRQHandler                         0x080001e3   Thumb Code     0  startup_stm32f103xb.o(.text)
    EXTI4_IRQHandler                         0x080001e3   Thumb Code     0  startup_stm32f103xb.o(.text)
    EXTI9_5_IRQHandler                       0x080001e3   Thumb Code     0  startup_stm32f103xb.o(.text)
    FLASH_IRQHandler                         0x080001e3   Thumb Code     0  startup_stm32f103xb.o(.text)
    I2C1_ER_IRQHandler                       0x080001e3   Thumb Code     0  startup_stm32f103xb.o(.text)
    I2C1_EV_IRQHandler                       0x080001e3   Thumb Code     0  startup_stm32f103xb.o(.text)
    I2C2_ER_IRQHandler                       0x080001e3   Thumb Code     0  startup_stm32f103xb.o(.text)
    I2C2_EV_IRQHandler                       0x080001e3   Thumb Code     0  startup_stm32f103xb.o(.text)
    PVD_IRQHandler                           0x080001e3   Thumb Code     0  startup_stm32f103xb.o(.text)
    RCC_IRQHandler                           0x080001e3   Thumb Code     0  startup_stm32f103xb.o(.text)
    RTC_Alarm_IRQHandler                     0x080001e3   Thumb Code     0  startup_stm32f103xb.o(.text)
    RTC_IRQHandler                           0x080001e3   Thumb Code     0  startup_stm32f103xb.o(.text)
    SPI1_IRQHandler                          0x080001e3   Thumb Code     0  startup_stm32f103xb.o(.text)
    SPI2_IRQHandler                          0x080001e3   Thumb Code     0  startup_stm32f103xb.o(.text)
    TAMPER_IRQHandler                        0x080001e3   Thumb Code     0  startup_stm32f103xb.o(.text)
    TIM1_BRK_IRQHandler                      0x080001e3   Thumb Code     0  startup_stm32f103xb.o(.text)
    TIM1_CC_IRQHandler                       0x080001e3   Thumb Code     0  startup_stm32f103xb.o(.text)
    TIM1_TRG_COM_IRQHandler                  0x080001e3   Thumb Code     0  startup_stm32f103xb.o(.text)
    TIM1_UP_IRQHandler                       0x080001e3   Thumb Code     0  startup_stm32f103xb.o(.text)
    TIM2_IRQHandler                          0x080001e3   Thumb Code     0  startup_stm32f103xb.o(.text)
    TIM3_IRQHandler                          0x080001e3   Thumb Code     0  startup_stm32f103xb.o(.text)
    TIM4_IRQHandler                          0x080001e3   Thumb Code     0  startup_stm32f103xb.o(.text)
    USART1_IRQHandler                        0x080001e3   Thumb Code     0  startup_stm32f103xb.o(.text)
    USART2_IRQHandler                        0x080001e3   Thumb Code     0  startup_stm32f103xb.o(.text)
    USART3_IRQHandler                        0x080001e3   Thumb Code     0  startup_stm32f103xb.o(.text)
    USBWakeUp_IRQHandler                     0x080001e3   Thumb Code     0  startup_stm32f103xb.o(.text)
    USB_HP_CAN1_TX_IRQHandler                0x080001e3   Thumb Code     0  startup_stm32f103xb.o(.text)
    WWDG_IRQHandler                          0x080001e3   Thumb Code     0  startup_stm32f103xb.o(.text)
    __user_initial_stackheap                 0x080001e5   Thumb Code     0  startup_stm32f103xb.o(.text)
    __aeabi_memcpy4                          0x08000209   Thumb Code     0  rt_memcpy_w.o(.text)
    __aeabi_memcpy8                          0x08000209   Thumb Code     0  rt_memcpy_w.o(.text)
    __rt_memcpy_w                            0x08000209   Thumb Code   100  rt_memcpy_w.o(.text)
    _memcpy_lastbytes_aligned                0x08000251   Thumb Code     0  rt_memcpy_w.o(.text)
    __aeabi_memclr4                          0x0800026d   Thumb Code     0  rt_memclr_w.o(.text)
    __aeabi_memclr8                          0x0800026d   Thumb Code     0  rt_memclr_w.o(.text)
    __rt_memclr_w                            0x0800026d   Thumb Code    78  rt_memclr_w.o(.text)
    _memset_w                                0x08000271   Thumb Code     0  rt_memclr_w.o(.text)
    __use_two_region_memory                  0x080002bb   Thumb Code     2  heapauxi.o(.text)
    __rt_heap_escrow$2region                 0x080002bd   Thumb Code     2  heapauxi.o(.text)
    __rt_heap_expand$2region                 0x080002bf   Thumb Code     2  heapauxi.o(.text)
    __user_setup_stackheap                   0x080002c1   Thumb Code    74  sys_stackheap_outer.o(.text)
    exit                                     0x0800030b   Thumb Code    18  exit.o(.text)
    __user_libspace                          0x0800031d   Thumb Code     8  libspace.o(.text)
    __user_perproc_libspace                  0x0800031d   Thumb Code     0  libspace.o(.text)
    __user_perthread_libspace                0x0800031d   Thumb Code     0  libspace.o(.text)
    _sys_exit                                0x08000325   Thumb Code     8  sys_exit.o(.text)
    __I$use$semihosting                      0x08000331   Thumb Code     0  use_no_semi.o(.text)
    __use_no_semihosting_swi                 0x08000331   Thumb Code     2  use_no_semi.o(.text)
    AntennaOn                                0x08000333   Thumb Code    20  stm32f1_rc522.o(i.AntennaOn)
    __semihosting_library_function           0x08000333   Thumb Code     0  indicate_semi.o(.text)
    BusFault_Handler                         0x08000347   Thumb Code     2  stm32f1xx_it.o(i.BusFault_Handler)
    ClearBitMask                             0x08000349   Thumb Code    24  stm32f1_rc522.o(i.ClearBitMask)
    DebugMon_Handler                         0x08000361   Thumb Code     2  stm32f1xx_it.o(i.DebugMon_Handler)
    Error_Handler                            0x08000363   Thumb Code     4  main.o(i.Error_Handler)
    HAL_Delay                                0x08000369   Thumb Code    32  stm32f1xx_hal.o(i.HAL_Delay)
    HAL_GPIO_Init                            0x0800038d   Thumb Code   446  stm32f1xx_hal_gpio.o(i.HAL_GPIO_Init)
    HAL_GPIO_WritePin                        0x0800056d   Thumb Code    10  stm32f1xx_hal_gpio.o(i.HAL_GPIO_WritePin)
    HAL_GetTick                              0x08000579   Thumb Code     6  stm32f1xx_hal.o(i.HAL_GetTick)
    HAL_IncTick                              0x08000585   Thumb Code    12  stm32f1xx_hal.o(i.HAL_IncTick)
    HAL_Init                                 0x08000595   Thumb Code    32  stm32f1xx_hal.o(i.HAL_Init)
    HAL_InitTick                             0x080005b9   Thumb Code    54  stm32f1xx_hal.o(i.HAL_InitTick)
    HAL_MspInit                              0x080005f9   Thumb Code    52  stm32f1xx_hal_msp.o(i.HAL_MspInit)
    HAL_NVIC_EnableIRQ                       0x08000635   Thumb Code    26  stm32f1xx_hal_cortex.o(i.HAL_NVIC_EnableIRQ)
    HAL_NVIC_SetPriority                     0x08000651   Thumb Code    60  stm32f1xx_hal_cortex.o(i.HAL_NVIC_SetPriority)
    HAL_NVIC_SetPriorityGrouping             0x08000691   Thumb Code    26  stm32f1xx_hal_cortex.o(i.HAL_NVIC_SetPriorityGrouping)
    HAL_PCDEx_PMAConfig                      0x080006b5   Thumb Code    60  stm32f1xx_hal_pcd_ex.o(i.HAL_PCDEx_PMAConfig)
    HAL_PCDEx_SetConnectionState             0x080006f1   Thumb Code     2  usbd_conf.o(i.HAL_PCDEx_SetConnectionState)
    HAL_PCD_DataInStageCallback              0x080006f3   Thumb Code    18  usbd_conf.o(i.HAL_PCD_DataInStageCallback)
    HAL_PCD_DataOutStageCallback             0x08000705   Thumb Code    20  usbd_conf.o(i.HAL_PCD_DataOutStageCallback)
    HAL_PCD_EP_Close                         0x08000719   Thumb Code    76  stm32f1xx_hal_pcd.o(i.HAL_PCD_EP_Close)
    HAL_PCD_EP_ClrStall                      0x08000765   Thumb Code    92  stm32f1xx_hal_pcd.o(i.HAL_PCD_EP_ClrStall)
    HAL_PCD_EP_Open                          0x08000bdf   Thumb Code    90  stm32f1xx_hal_pcd.o(i.HAL_PCD_EP_Open)
    HAL_PCD_EP_Receive                       0x08000c39   Thumb Code    46  stm32f1xx_hal_pcd.o(i.HAL_PCD_EP_Receive)
    HAL_PCD_EP_SetStall                      0x08000c67   Thumb Code   114  stm32f1xx_hal_pcd.o(i.HAL_PCD_EP_SetStall)
    HAL_PCD_EP_Transmit                      0x08000cd9   Thumb Code    48  stm32f1xx_hal_pcd.o(i.HAL_PCD_EP_Transmit)
    HAL_PCD_IRQHandler                       0x08000d09   Thumb Code   308  stm32f1xx_hal_pcd.o(i.HAL_PCD_IRQHandler)
    HAL_PCD_Init                             0x08000e3d   Thumb Code   218  stm32f1xx_hal_pcd.o(i.HAL_PCD_Init)
    HAL_PCD_MspInit                          0x08000f19   Thumb Code    50  usbd_conf.o(i.HAL_PCD_MspInit)
    HAL_PCD_ResetCallback                    0x08000f55   Thumb Code    38  usbd_conf.o(i.HAL_PCD_ResetCallback)
    HAL_PCD_ResumeCallback                   0x08000f7b   Thumb Code     8  usbd_conf.o(i.HAL_PCD_ResumeCallback)
    HAL_PCD_SOFCallback                      0x08000f83   Thumb Code     8  usbd_conf.o(i.HAL_PCD_SOFCallback)
    HAL_PCD_SetAddress                       0x08000f8b   Thumb Code    40  stm32f1xx_hal_pcd.o(i.HAL_PCD_SetAddress)
    HAL_PCD_SetupStageCallback               0x08000fb3   Thumb Code    14  usbd_conf.o(i.HAL_PCD_SetupStageCallback)
    HAL_PCD_Start                            0x08000fc1   Thumb Code    50  stm32f1xx_hal_pcd.o(i.HAL_PCD_Start)
    HAL_PCD_SuspendCallback                  0x08000ff5   Thumb Code    30  usbd_conf.o(i.HAL_PCD_SuspendCallback)
    HAL_RCCEx_PeriphCLKConfig                0x08001019   Thumb Code   224  stm32f1xx_hal_rcc_ex.o(i.HAL_RCCEx_PeriphCLKConfig)
    HAL_RCC_ClockConfig                      0x08001105   Thumb Code   280  stm32f1xx_hal_rcc.o(i.HAL_RCC_ClockConfig)
    HAL_RCC_GetSysClockFreq                  0x08001231   Thumb Code    58  stm32f1xx_hal_rcc.o(i.HAL_RCC_GetSysClockFreq)
    HAL_RCC_OscConfig                        0x0800127d   Thumb Code   778  stm32f1xx_hal_rcc.o(i.HAL_RCC_OscConfig)
    HAL_SPI_Init                             0x0800159d   Thumb Code   178  stm32f1xx_hal_spi.o(i.HAL_SPI_Init)
    HAL_SPI_MspInit                          0x08001651   Thumb Code    98  stm32f1xx_hal_msp.o(i.HAL_SPI_MspInit)
    HAL_SPI_TransmitReceive                  0x080016c1   Thumb Code   494  stm32f1xx_hal_spi.o(i.HAL_SPI_TransmitReceive)
    HAL_SYSTICK_Config                       0x080018af   Thumb Code    40  stm32f1xx_hal_cortex.o(i.HAL_SYSTICK_Config)
    HardFault_Handler                        0x080018d7   Thumb Code     2  stm32f1xx_it.o(i.HardFault_Handler)
    MFRC522_Anticoll                         0x08001911   Thumb Code    66  stm32f1_rc522.o(i.MFRC522_Anticoll)
    MFRC522_Init                             0x08001955   Thumb Code    82  stm32f1_rc522.o(i.MFRC522_Init)
    MFRC522_Request                          0x080019b1   Thumb Code    44  stm32f1_rc522.o(i.MFRC522_Request)
    MFRC522_Reset                            0x080019dd   Thumb Code     8  stm32f1_rc522.o(i.MFRC522_Reset)
    MFRC522_ToCard                           0x080019e5   Thumb Code   262  stm32f1_rc522.o(i.MFRC522_ToCard)
    MX_USB_DEVICE_Init                       0x08001bcd   Thumb Code    52  usb_device.o(i.MX_USB_DEVICE_Init)
    MemManage_Handler                        0x08001c0d   Thumb Code     2  stm32f1xx_it.o(i.MemManage_Handler)
    NMI_Handler                              0x08001c0f   Thumb Code     2  stm32f1xx_it.o(i.NMI_Handler)
    PendSV_Handler                           0x08001fbd   Thumb Code     2  stm32f1xx_it.o(i.PendSV_Handler)
    RC522_SPI_Transfer                       0x08001fc1   Thumb Code    26  stm32f1_rc522.o(i.RC522_SPI_Transfer)
    Read_MFRC522                             0x08001fe1   Thumb Code    52  stm32f1_rc522.o(i.Read_MFRC522)
    SVC_Handler                              0x080020f1   Thumb Code     2  stm32f1xx_it.o(i.SVC_Handler)
    SetBitMask                               0x080020f3   Thumb Code    24  stm32f1_rc522.o(i.SetBitMask)
    SysTick_Handler                          0x0800210b   Thumb Code     4  stm32f1xx_it.o(i.SysTick_Handler)
    SystemClock_Config                       0x0800210f   Thumb Code   118  main.o(i.SystemClock_Config)
    SystemInit                               0x08002185   Thumb Code     2  system_stm32f1xx.o(i.SystemInit)
    USBD_ClrClassConfig                      0x08002187   Thumb Code    14  usbd_core.o(i.USBD_ClrClassConfig)
    USBD_CtlContinueRx                       0x08002195   Thumb Code    16  usbd_ioreq.o(i.USBD_CtlContinueRx)
    USBD_CtlContinueSendData                 0x080021a5   Thumb Code    16  usbd_ioreq.o(i.USBD_CtlContinueSendData)
    USBD_CtlError                            0x080021b5   Thumb Code    22  usbd_ctlreq.o(i.USBD_CtlError)
    USBD_CtlReceiveStatus                    0x080021cb   Thumb Code    22  usbd_ioreq.o(i.USBD_CtlReceiveStatus)
    USBD_CtlSendData                         0x080021e1   Thumb Code    26  usbd_ioreq.o(i.USBD_CtlSendData)
    USBD_CtlSendStatus                       0x080021fb   Thumb Code    22  usbd_ioreq.o(i.USBD_CtlSendStatus)
    USBD_FS_ConfigStrDescriptor              0x08002211   Thumb Code    16  usbd_desc.o(i.USBD_FS_ConfigStrDescriptor)
    USBD_FS_DeviceDescriptor                 0x08002231   Thumb Code     8  usbd_desc.o(i.USBD_FS_DeviceDescriptor)
    USBD_FS_InterfaceStrDescriptor           0x0800223d   Thumb Code    16  usbd_desc.o(i.USBD_FS_InterfaceStrDescriptor)
    USBD_FS_LangIDStrDescriptor              0x08002261   Thumb Code     8  usbd_desc.o(i.USBD_FS_LangIDStrDescriptor)
    USBD_FS_ManufacturerStrDescriptor        0x0800226d   Thumb Code    16  usbd_desc.o(i.USBD_FS_ManufacturerStrDescriptor)
    USBD_FS_ProductStrDescriptor             0x08002295   Thumb Code    16  usbd_desc.o(i.USBD_FS_ProductStrDescriptor)
    USBD_FS_SerialStrDescriptor              0x080022b5   Thumb Code    48  usbd_desc.o(i.USBD_FS_SerialStrDescriptor)
    USBD_GetString                           0x080023d5   Thumb Code    72  usbd_ctlreq.o(i.USBD_GetString)
    USBD_HID_SendReport                      0x080024bb   Thumb Code    36  usbd_hid.o(i.USBD_HID_SendReport)
    USBD_Init                                0x080025a9   Thumb Code    42  usbd_core.o(i.USBD_Init)
    USBD_LL_ClearStallEP                     0x080025d3   Thumb Code    18  usbd_conf.o(i.USBD_LL_ClearStallEP)
    USBD_LL_CloseEP                          0x080025e5   Thumb Code    18  usbd_conf.o(i.USBD_LL_CloseEP)
    USBD_LL_DataInStage                      0x080025f7   Thumb Code   198  usbd_core.o(i.USBD_LL_DataInStage)
    USBD_LL_DataOutStage                     0x080026bd   Thumb Code   130  usbd_core.o(i.USBD_LL_DataOutStage)
    USBD_LL_Init                             0x08002741   Thumb Code    94  usbd_conf.o(i.USBD_LL_Init)
    USBD_LL_IsStallEP                        0x080027a9   Thumb Code    32  usbd_conf.o(i.USBD_LL_IsStallEP)
    USBD_LL_OpenEP                           0x080027c9   Thumb Code    24  usbd_conf.o(i.USBD_LL_OpenEP)
    USBD_LL_PrepareReceive                   0x080027e1   Thumb Code    18  usbd_conf.o(i.USBD_LL_PrepareReceive)
    USBD_LL_Reset                            0x080027f3   Thumb Code    80  usbd_core.o(i.USBD_LL_Reset)
    USBD_LL_Resume                           0x08002843   Thumb Code    20  usbd_core.o(i.USBD_LL_Resume)
    USBD_LL_SOF                              0x08002857   Thumb Code    24  usbd_core.o(i.USBD_LL_SOF)
    USBD_LL_SetSpeed                         0x0800286f   Thumb Code     6  usbd_core.o(i.USBD_LL_SetSpeed)
    USBD_LL_SetUSBAddress                    0x08002875   Thumb Code    18  usbd_conf.o(i.USBD_LL_SetUSBAddress)
    USBD_LL_SetupStage                       0x08002887   Thumb Code    90  usbd_core.o(i.USBD_LL_SetupStage)
    USBD_LL_StallEP                          0x080028e1   Thumb Code    18  usbd_conf.o(i.USBD_LL_StallEP)
    USBD_LL_Start                            0x080028f3   Thumb Code    18  usbd_conf.o(i.USBD_LL_Start)
    USBD_LL_Suspend                          0x08002905   Thumb Code    18  usbd_core.o(i.USBD_LL_Suspend)
    USBD_LL_Transmit                         0x08002917   Thumb Code    18  usbd_conf.o(i.USBD_LL_Transmit)
    USBD_ParseSetupRequest                   0x08002929   Thumb Code    40  usbd_ctlreq.o(i.USBD_ParseSetupRequest)
    USBD_RegisterClass                       0x08002951   Thumb Code    16  usbd_core.o(i.USBD_RegisterClass)
    USBD_SetClassConfig                      0x08002961   Thumb Code    22  usbd_core.o(i.USBD_SetClassConfig)
    USBD_Start                               0x080029fd   Thumb Code    10  usbd_core.o(i.USBD_Start)
    USBD_StdDevReq                           0x08002a07   Thumb Code   274  usbd_ctlreq.o(i.USBD_StdDevReq)
    USBD_StdEPReq                            0x08002b19   Thumb Code   336  usbd_ctlreq.o(i.USBD_StdEPReq)
    USBD_StdItfReq                           0x08002c69   Thumb Code    78  usbd_ctlreq.o(i.USBD_StdItfReq)
    USBD_static_free                         0x08002cb7   Thumb Code     2  usbd_conf.o(i.USBD_static_free)
    USBD_static_malloc                       0x08002cb9   Thumb Code     4  usbd_conf.o(i.USBD_static_malloc)
    USB_ActivateEndpoint                     0x08002cc1   Thumb Code   668  stm32f1xx_ll_usb.o(i.USB_ActivateEndpoint)
    USB_CoreInit                             0x08002f5d   Thumb Code     4  stm32f1xx_ll_usb.o(i.USB_CoreInit)
    USB_DeactivateEndpoint                   0x08002f61   Thumb Code   270  stm32f1xx_ll_usb.o(i.USB_DeactivateEndpoint)
    USB_DevConnect                           0x0800306f   Thumb Code     4  stm32f1xx_ll_usb.o(i.USB_DevConnect)
    USB_DevDisconnect                        0x08003073   Thumb Code     4  stm32f1xx_ll_usb.o(i.USB_DevDisconnect)
    USB_DevInit                              0x08003077   Thumb Code    18  stm32f1xx_ll_usb.o(i.USB_DevInit)
    USB_DisableGlobalInt                     0x08003089   Thumb Code    14  stm32f1xx_ll_usb.o(i.USB_DisableGlobalInt)
    USB_EP0_OutStart                         0x08003097   Thumb Code     4  stm32f1xx_ll_usb.o(i.USB_EP0_OutStart)
    USB_EPClearStall                         0x0800309b   Thumb Code   120  stm32f1xx_ll_usb.o(i.USB_EPClearStall)
    USB_EPSetStall                           0x08003113   Thumb Code    50  stm32f1xx_ll_usb.o(i.USB_EPSetStall)
    USB_EPStartXfer                          0x08003145   Thumb Code  1250  stm32f1xx_ll_usb.o(i.USB_EPStartXfer)
    USB_EnableGlobalInt                      0x08003627   Thumb Code    18  stm32f1xx_ll_usb.o(i.USB_EnableGlobalInt)
    USB_LP_CAN1_RX0_IRQHandler               0x08003639   Thumb Code     6  stm32f1xx_it.o(i.USB_LP_CAN1_RX0_IRQHandler)
    USB_ReadInterrupts                       0x08003645   Thumb Code     6  stm32f1xx_ll_usb.o(i.USB_ReadInterrupts)
    USB_ReadPMA                              0x0800364d   Thumb Code    44  stm32f1xx_ll_usb.o(i.USB_ReadPMA)
    USB_SetCurrentMode                       0x08003679   Thumb Code     4  stm32f1xx_ll_usb.o(i.USB_SetCurrentMode)
    USB_SetDevAddress                        0x0800367d   Thumb Code    12  stm32f1xx_ll_usb.o(i.USB_SetDevAddress)
    USB_WritePMA                             0x08003689   Thumb Code    38  stm32f1xx_ll_usb.o(i.USB_WritePMA)
    UsageFault_Handler                       0x080036af   Thumb Code     2  stm32f1xx_it.o(i.UsageFault_Handler)
    Write_MFRC522                            0x080036b1   Thumb Code    48  stm32f1_rc522.o(i.Write_MFRC522)
    main                                     0x08003705   Thumb Code   202  main.o(i.main)
    AHBPrescTable                            0x080037f6   Data          16  system_stm32f1xx.o(.constdata)
    Region$$Table$$Base                      0x08003808   Number         0  anon$$obj.o(Region$$Table)
    Region$$Table$$Limit                     0x08003828   Number         0  anon$$obj.o(Region$$Table)
    result                                   0x20000000   Data           6  main.o(.data)
    FS_Desc                                  0x20000008   Data          28  usbd_desc.o(.data)
    USBD_LangIDDesc                          0x20000024   Data           4  usbd_desc.o(.data)
    USBD_FS_DeviceDesc                       0x20000028   Data          18  usbd_desc.o(.data)
    USBD_StringSerial                        0x2000003c   Data          26  usbd_desc.o(.data)
    uwTickFreq                               0x20000058   Data           1  stm32f1xx_hal.o(.data)
    uwTickPrio                               0x2000005c   Data           4  stm32f1xx_hal.o(.data)
    uwTick                                   0x20000060   Data           4  stm32f1xx_hal.o(.data)
    SystemCoreClock                          0x20000064   Data           4  system_stm32f1xx.o(.data)
    USBD_HID                                 0x2000006c   Data          56  usbd_hid.o(.data)
    hspi1                                    0x20000168   Data          88  main.o(.bss)
    str                                      0x200001c0   Data          16  main.o(.bss)
    hUsbDeviceFS                             0x200001d0   Data         708  usb_device.o(.bss)
    USBD_StrDesc                             0x20000494   Data         512  usbd_desc.o(.bss)
    hpcd_USB_FS                              0x200006a8   Data         752  usbd_conf.o(.bss)
    __libspace_start                         0x20000998   Data          96  libspace.o(.bss)
    __temporary_stack_top$libspace           0x200009f8   Data           0  libspace.o(.bss)



==============================================================================

Memory Map of the image

  Image Entry point : 0x080000ed

  Load Region LR_IROM1 (Base: 0x08000000, Size: 0x00003990, Max: 0x00010000, ABSOLUTE, COMPRESSED[0x000038f0])

    Execution Region ER_IROM1 (Exec base: 0x08000000, Load base: 0x08000000, Size: 0x00003828, Max: 0x00010000, ABSOLUTE)

    Exec Addr    Load Addr    Size         Type   Attr      Idx    E Section Name        Object

    0x08000000   0x08000000   0x000000ec   Data   RO            3    RESET               startup_stm32f103xb.o
    0x080000ec   0x080000ec   0x00000008   Code   RO         2982  * !!!main             c_w.l(__main.o)
    0x080000f4   0x080000f4   0x00000034   Code   RO         3141    !!!scatter          c_w.l(__scatter.o)
    0x08000128   0x08000128   0x0000005a   Code   RO         3139    !!dczerorl2         c_w.l(__dczerorl2.o)
    0x08000182   0x08000182   0x00000002   PAD
    0x08000184   0x08000184   0x0000001c   Code   RO         3143    !!handler_zi        c_w.l(__scatter_zi.o)
    0x080001a0   0x080001a0   0x00000002   Code   RO         3009    .ARM.Collect$$libinit$$00000000  c_w.l(libinit.o)
    0x080001a2   0x080001a2   0x00000000   Code   RO         3016    .ARM.Collect$$libinit$$00000002  c_w.l(libinit2.o)
    0x080001a2   0x080001a2   0x00000000   Code   RO         3018    .ARM.Collect$$libinit$$00000004  c_w.l(libinit2.o)
    0x080001a2   0x080001a2   0x00000000   Code   RO         3021    .ARM.Collect$$libinit$$0000000A  c_w.l(libinit2.o)
    0x080001a2   0x080001a2   0x00000000   Code   RO         3023    .ARM.Collect$$libinit$$0000000C  c_w.l(libinit2.o)
    0x080001a2   0x080001a2   0x00000000   Code   RO         3025    .ARM.Collect$$libinit$$0000000E  c_w.l(libinit2.o)
    0x080001a2   0x080001a2   0x00000000   Code   RO         3028    .ARM.Collect$$libinit$$00000011  c_w.l(libinit2.o)
    0x080001a2   0x080001a2   0x00000000   Code   RO         3030    .ARM.Collect$$libinit$$00000013  c_w.l(libinit2.o)
    0x080001a2   0x080001a2   0x00000000   Code   RO         3032    .ARM.Collect$$libinit$$00000015  c_w.l(libinit2.o)
    0x080001a2   0x080001a2   0x00000000   Code   RO         3034    .ARM.Collect$$libinit$$00000017  c_w.l(libinit2.o)
    0x080001a2   0x080001a2   0x00000000   Code   RO         3036    .ARM.Collect$$libinit$$00000019  c_w.l(libinit2.o)
    0x080001a2   0x080001a2   0x00000000   Code   RO         3038    .ARM.Collect$$libinit$$0000001B  c_w.l(libinit2.o)
    0x080001a2   0x080001a2   0x00000000   Code   RO         3040    .ARM.Collect$$libinit$$0000001D  c_w.l(libinit2.o)
    0x080001a2   0x080001a2   0x00000000   Code   RO         3042    .ARM.Collect$$libinit$$0000001F  c_w.l(libinit2.o)
    0x080001a2   0x080001a2   0x00000000   Code   RO         3044    .ARM.Collect$$libinit$$00000021  c_w.l(libinit2.o)
    0x080001a2   0x080001a2   0x00000000   Code   RO         3046    .ARM.Collect$$libinit$$00000023  c_w.l(libinit2.o)
    0x080001a2   0x080001a2   0x00000000   Code   RO         3048    .ARM.Collect$$libinit$$00000025  c_w.l(libinit2.o)
    0x080001a2   0x080001a2   0x00000000   Code   RO         3052    .ARM.Collect$$libinit$$0000002C  c_w.l(libinit2.o)
    0x080001a2   0x080001a2   0x00000000   Code   RO         3054    .ARM.Collect$$libinit$$0000002E  c_w.l(libinit2.o)
    0x080001a2   0x080001a2   0x00000000   Code   RO         3056    .ARM.Collect$$libinit$$00000030  c_w.l(libinit2.o)
    0x080001a2   0x080001a2   0x00000000   Code   RO         3058    .ARM.Collect$$libinit$$00000032  c_w.l(libinit2.o)
    0x080001a2   0x080001a2   0x00000002   Code   RO         3059    .ARM.Collect$$libinit$$00000033  c_w.l(libinit2.o)
    0x080001a4   0x080001a4   0x00000002   Code   RO         3079    .ARM.Collect$$libshutdown$$00000000  c_w.l(libshutdown.o)
    0x080001a6   0x080001a6   0x00000000   Code   RO         3092    .ARM.Collect$$libshutdown$$00000002  c_w.l(libshutdown2.o)
    0x080001a6   0x080001a6   0x00000000   Code   RO         3094    .ARM.Collect$$libshutdown$$00000004  c_w.l(libshutdown2.o)
    0x080001a6   0x080001a6   0x00000000   Code   RO         3097    .ARM.Collect$$libshutdown$$00000007  c_w.l(libshutdown2.o)
    0x080001a6   0x080001a6   0x00000000   Code   RO         3100    .ARM.Collect$$libshutdown$$0000000A  c_w.l(libshutdown2.o)
    0x080001a6   0x080001a6   0x00000000   Code   RO         3102    .ARM.Collect$$libshutdown$$0000000C  c_w.l(libshutdown2.o)
    0x080001a6   0x080001a6   0x00000000   Code   RO         3105    .ARM.Collect$$libshutdown$$0000000F  c_w.l(libshutdown2.o)
    0x080001a6   0x080001a6   0x00000002   Code   RO         3106    .ARM.Collect$$libshutdown$$00000010  c_w.l(libshutdown2.o)
    0x080001a8   0x080001a8   0x00000000   Code   RO         2984    .ARM.Collect$$rtentry$$00000000  c_w.l(__rtentry.o)
    0x080001a8   0x080001a8   0x00000000   Code   RO         2986    .ARM.Collect$$rtentry$$00000002  c_w.l(__rtentry2.o)
    0x080001a8   0x080001a8   0x00000006   Code   RO         2998    .ARM.Collect$$rtentry$$00000004  c_w.l(__rtentry4.o)
    0x080001ae   0x080001ae   0x00000000   Code   RO         2988    .ARM.Collect$$rtentry$$00000009  c_w.l(__rtentry2.o)
    0x080001ae   0x080001ae   0x00000004   Code   RO         2989    .ARM.Collect$$rtentry$$0000000A  c_w.l(__rtentry2.o)
    0x080001b2   0x080001b2   0x00000000   Code   RO         2991    .ARM.Collect$$rtentry$$0000000C  c_w.l(__rtentry2.o)
    0x080001b2   0x080001b2   0x00000008   Code   RO         2992    .ARM.Collect$$rtentry$$0000000D  c_w.l(__rtentry2.o)
    0x080001ba   0x080001ba   0x00000002   Code   RO         3013    .ARM.Collect$$rtexit$$00000000  c_w.l(rtexit.o)
    0x080001bc   0x080001bc   0x00000000   Code   RO         3061    .ARM.Collect$$rtexit$$00000002  c_w.l(rtexit2.o)
    0x080001bc   0x080001bc   0x00000004   Code   RO         3062    .ARM.Collect$$rtexit$$00000003  c_w.l(rtexit2.o)
    0x080001c0   0x080001c0   0x00000006   Code   RO         3063    .ARM.Collect$$rtexit$$00000004  c_w.l(rtexit2.o)
    0x080001c6   0x080001c6   0x00000002   PAD
    0x080001c8   0x080001c8   0x00000040   Code   RO            4    .text               startup_stm32f103xb.o
    0x08000208   0x08000208   0x00000064   Code   RO         2976    .text               c_w.l(rt_memcpy_w.o)
    0x0800026c   0x0800026c   0x0000004e   Code   RO         2978    .text               c_w.l(rt_memclr_w.o)
    0x080002ba   0x080002ba   0x00000006   Code   RO         2980    .text               c_w.l(heapauxi.o)
    0x080002c0   0x080002c0   0x0000004a   Code   RO         3000    .text               c_w.l(sys_stackheap_outer.o)
    0x0800030a   0x0800030a   0x00000012   Code   RO         3002    .text               c_w.l(exit.o)
    0x0800031c   0x0800031c   0x00000008   Code   RO         3010    .text               c_w.l(libspace.o)
    0x08000324   0x08000324   0x0000000c   Code   RO         3071    .text               c_w.l(sys_exit.o)
    0x08000330   0x08000330   0x00000002   Code   RO         3082    .text               c_w.l(use_no_semi.o)
    0x08000332   0x08000332   0x00000000   Code   RO         3084    .text               c_w.l(indicate_semi.o)
    0x08000332   0x08000332   0x00000014   Code   RO           14    i.AntennaOn         stm32f1_rc522.o
    0x08000346   0x08000346   0x00000002   Code   RO          314    i.BusFault_Handler  stm32f1xx_it.o
    0x08000348   0x08000348   0x00000018   Code   RO           16    i.ClearBitMask      stm32f1_rc522.o
    0x08000360   0x08000360   0x00000002   Code   RO          315    i.DebugMon_Handler  stm32f1xx_it.o
    0x08000362   0x08000362   0x00000004   Code   RO          226    i.Error_Handler     main.o
    0x08000366   0x08000366   0x00000002   PAD
    0x08000368   0x08000368   0x00000024   Code   RO         1269    i.HAL_Delay         stm32f1xx_hal.o
    0x0800038c   0x0800038c   0x000001e0   Code   RO         1579    i.HAL_GPIO_Init     stm32f1xx_hal_gpio.o
    0x0800056c   0x0800056c   0x0000000a   Code   RO         1583    i.HAL_GPIO_WritePin  stm32f1xx_hal_gpio.o
    0x08000576   0x08000576   0x00000002   PAD
    0x08000578   0x08000578   0x0000000c   Code   RO         1273    i.HAL_GetTick       stm32f1xx_hal.o
    0x08000584   0x08000584   0x00000010   Code   RO         1279    i.HAL_IncTick       stm32f1xx_hal.o
    0x08000594   0x08000594   0x00000024   Code   RO         1280    i.HAL_Init          stm32f1xx_hal.o
    0x080005b8   0x080005b8   0x00000040   Code   RO         1281    i.HAL_InitTick      stm32f1xx_hal.o
    0x080005f8   0x080005f8   0x0000003c   Code   RO          396    i.HAL_MspInit       stm32f1xx_hal_msp.o
    0x08000634   0x08000634   0x0000001a   Code   RO         1739    i.HAL_NVIC_EnableIRQ  stm32f1xx_hal_cortex.o
    0x0800064e   0x0800064e   0x00000002   PAD
    0x08000650   0x08000650   0x00000040   Code   RO         1745    i.HAL_NVIC_SetPriority  stm32f1xx_hal_cortex.o
    0x08000690   0x08000690   0x00000024   Code   RO         1746    i.HAL_NVIC_SetPriorityGrouping  stm32f1xx_hal_cortex.o
    0x080006b4   0x080006b4   0x0000003c   Code   RO         1036    i.HAL_PCDEx_PMAConfig  stm32f1xx_hal_pcd_ex.o
    0x080006f0   0x080006f0   0x00000002   Code   RO          549    i.HAL_PCDEx_SetConnectionState  usbd_conf.o
    0x080006f2   0x080006f2   0x00000012   Code   RO          551    i.HAL_PCD_DataInStageCallback  usbd_conf.o
    0x08000704   0x08000704   0x00000014   Code   RO          552    i.HAL_PCD_DataOutStageCallback  usbd_conf.o
    0x08000718   0x08000718   0x0000004c   Code   RO          807    i.HAL_PCD_EP_Close  stm32f1xx_hal_pcd.o
    0x08000764   0x08000764   0x0000005c   Code   RO          808    i.HAL_PCD_EP_ClrStall  stm32f1xx_hal_pcd.o
    0x080007c0   0x080007c0   0x000000e6   Code   RO          809    i.HAL_PCD_EP_DB_Receive  stm32f1xx_hal_pcd.o
    0x080008a6   0x080008a6   0x00000338   Code   RO          810    i.HAL_PCD_EP_DB_Transmit  stm32f1xx_hal_pcd.o
    0x08000bde   0x08000bde   0x0000005a   Code   RO          813    i.HAL_PCD_EP_Open   stm32f1xx_hal_pcd.o
    0x08000c38   0x08000c38   0x0000002e   Code   RO          814    i.HAL_PCD_EP_Receive  stm32f1xx_hal_pcd.o
    0x08000c66   0x08000c66   0x00000072   Code   RO          815    i.HAL_PCD_EP_SetStall  stm32f1xx_hal_pcd.o
    0x08000cd8   0x08000cd8   0x00000030   Code   RO          816    i.HAL_PCD_EP_Transmit  stm32f1xx_hal_pcd.o
    0x08000d08   0x08000d08   0x00000134   Code   RO          818    i.HAL_PCD_IRQHandler  stm32f1xx_hal_pcd.o
    0x08000e3c   0x08000e3c   0x000000da   Code   RO          821    i.HAL_PCD_Init      stm32f1xx_hal_pcd.o
    0x08000f16   0x08000f16   0x00000002   PAD
    0x08000f18   0x08000f18   0x0000003c   Code   RO          557    i.HAL_PCD_MspInit   usbd_conf.o
    0x08000f54   0x08000f54   0x00000026   Code   RO          558    i.HAL_PCD_ResetCallback  usbd_conf.o
    0x08000f7a   0x08000f7a   0x00000008   Code   RO          559    i.HAL_PCD_ResumeCallback  usbd_conf.o
    0x08000f82   0x08000f82   0x00000008   Code   RO          560    i.HAL_PCD_SOFCallback  usbd_conf.o
    0x08000f8a   0x08000f8a   0x00000028   Code   RO          827    i.HAL_PCD_SetAddress  stm32f1xx_hal_pcd.o
    0x08000fb2   0x08000fb2   0x0000000e   Code   RO          561    i.HAL_PCD_SetupStageCallback  usbd_conf.o
    0x08000fc0   0x08000fc0   0x00000032   Code   RO          829    i.HAL_PCD_Start     stm32f1xx_hal_pcd.o
    0x08000ff2   0x08000ff2   0x00000002   PAD
    0x08000ff4   0x08000ff4   0x00000024   Code   RO          562    i.HAL_PCD_SuspendCallback  usbd_conf.o
    0x08001018   0x08001018   0x000000ec   Code   RO         1541    i.HAL_RCCEx_PeriphCLKConfig  stm32f1xx_hal_rcc_ex.o
    0x08001104   0x08001104   0x0000012c   Code   RO         1437    i.HAL_RCC_ClockConfig  stm32f1xx_hal_rcc.o
    0x08001230   0x08001230   0x0000004c   Code   RO         1446    i.HAL_RCC_GetSysClockFreq  stm32f1xx_hal_rcc.o
    0x0800127c   0x0800127c   0x00000320   Code   RO         1449    i.HAL_RCC_OscConfig  stm32f1xx_hal_rcc.o
    0x0800159c   0x0800159c   0x000000b2   Code   RO         2250    i.HAL_SPI_Init      stm32f1xx_hal_spi.o
    0x0800164e   0x0800164e   0x00000002   PAD
    0x08001650   0x08001650   0x00000070   Code   RO          398    i.HAL_SPI_MspInit   stm32f1xx_hal_msp.o
    0x080016c0   0x080016c0   0x000001ee   Code   RO         2259    i.HAL_SPI_TransmitReceive  stm32f1xx_hal_spi.o
    0x080018ae   0x080018ae   0x00000028   Code   RO         1750    i.HAL_SYSTICK_Config  stm32f1xx_hal_cortex.o
    0x080018d6   0x080018d6   0x00000002   Code   RO          316    i.HardFault_Handler  stm32f1xx_it.o
    0x080018d8   0x080018d8   0x00000038   Code   RO          463    i.IntToUnicode      usbd_desc.o
    0x08001910   0x08001910   0x00000042   Code   RO           17    i.MFRC522_Anticoll  stm32f1_rc522.o
    0x08001952   0x08001952   0x00000002   PAD
    0x08001954   0x08001954   0x0000005c   Code   RO           20    i.MFRC522_Init      stm32f1_rc522.o
    0x080019b0   0x080019b0   0x0000002c   Code   RO           22    i.MFRC522_Request   stm32f1_rc522.o
    0x080019dc   0x080019dc   0x00000008   Code   RO           23    i.MFRC522_Reset     stm32f1_rc522.o
    0x080019e4   0x080019e4   0x00000106   Code   RO           25    i.MFRC522_ToCard    stm32f1_rc522.o
    0x08001aea   0x08001aea   0x00000002   PAD
    0x08001aec   0x08001aec   0x0000009c   Code   RO          227    i.MX_GPIO_Init      main.o
    0x08001b88   0x08001b88   0x00000044   Code   RO          228    i.MX_SPI1_Init      main.o
    0x08001bcc   0x08001bcc   0x00000040   Code   RO          432    i.MX_USB_DEVICE_Init  usb_device.o
    0x08001c0c   0x08001c0c   0x00000002   Code   RO          317    i.MemManage_Handler  stm32f1xx_it.o
    0x08001c0e   0x08001c0e   0x00000002   Code   RO          318    i.NMI_Handler       stm32f1xx_it.o
    0x08001c10   0x08001c10   0x000003ac   Code   RO          833    i.PCD_EP_ISR_Handler  stm32f1xx_hal_pcd.o
    0x08001fbc   0x08001fbc   0x00000002   Code   RO          319    i.PendSV_Handler    stm32f1xx_it.o
    0x08001fbe   0x08001fbe   0x00000002   PAD
    0x08001fc0   0x08001fc0   0x00000020   Code   RO           27    i.RC522_SPI_Transfer  stm32f1_rc522.o
    0x08001fe0   0x08001fe0   0x00000038   Code   RO           28    i.Read_MFRC522      stm32f1_rc522.o
    0x08002018   0x08002018   0x00000020   Code   RO         2288    i.SPI_EndRxTxTransaction  stm32f1xx_hal_spi.o
    0x08002038   0x08002038   0x000000b8   Code   RO         2293    i.SPI_WaitFlagStateUntilTimeout  stm32f1xx_hal_spi.o
    0x080020f0   0x080020f0   0x00000002   Code   RO          320    i.SVC_Handler       stm32f1xx_it.o
    0x080020f2   0x080020f2   0x00000018   Code   RO           29    i.SetBitMask        stm32f1_rc522.o
    0x0800210a   0x0800210a   0x00000004   Code   RO          321    i.SysTick_Handler   stm32f1xx_it.o
    0x0800210e   0x0800210e   0x00000076   Code   RO          229    i.SystemClock_Config  main.o
    0x08002184   0x08002184   0x00000002   Code   RO         2598    i.SystemInit        system_stm32f1xx.o
    0x08002186   0x08002186   0x0000000e   Code   RO         2635    i.USBD_ClrClassConfig  usbd_core.o
    0x08002194   0x08002194   0x00000010   Code   RO         2838    i.USBD_CtlContinueRx  usbd_ioreq.o
    0x080021a4   0x080021a4   0x00000010   Code   RO         2839    i.USBD_CtlContinueSendData  usbd_ioreq.o
    0x080021b4   0x080021b4   0x00000016   Code   RO         2773    i.USBD_CtlError     usbd_ctlreq.o
    0x080021ca   0x080021ca   0x00000016   Code   RO         2841    i.USBD_CtlReceiveStatus  usbd_ioreq.o
    0x080021e0   0x080021e0   0x0000001a   Code   RO         2842    i.USBD_CtlSendData  usbd_ioreq.o
    0x080021fa   0x080021fa   0x00000016   Code   RO         2843    i.USBD_CtlSendStatus  usbd_ioreq.o
    0x08002210   0x08002210   0x00000020   Code   RO          464    i.USBD_FS_ConfigStrDescriptor  usbd_desc.o
    0x08002230   0x08002230   0x0000000c   Code   RO          465    i.USBD_FS_DeviceDescriptor  usbd_desc.o
    0x0800223c   0x0800223c   0x00000024   Code   RO          466    i.USBD_FS_InterfaceStrDescriptor  usbd_desc.o
    0x08002260   0x08002260   0x0000000c   Code   RO          467    i.USBD_FS_LangIDStrDescriptor  usbd_desc.o
    0x0800226c   0x0800226c   0x00000028   Code   RO          468    i.USBD_FS_ManufacturerStrDescriptor  usbd_desc.o
    0x08002294   0x08002294   0x00000020   Code   RO          469    i.USBD_FS_ProductStrDescriptor  usbd_desc.o
    0x080022b4   0x080022b4   0x00000038   Code   RO          470    i.USBD_FS_SerialStrDescriptor  usbd_desc.o
    0x080022ec   0x080022ec   0x000000e8   Code   RO         2774    i.USBD_GetDescriptor  usbd_ctlreq.o
    0x080023d4   0x080023d4   0x00000048   Code   RO         2775    i.USBD_GetString    usbd_ctlreq.o
    0x0800241c   0x0800241c   0x00000018   Code   RO          563    i.USBD_Get_USB_Status  usbd_conf.o
    0x08002434   0x08002434   0x0000000c   Code   RO         2898    i.USBD_HID_DataIn   usbd_hid.o
    0x08002440   0x08002440   0x00000020   Code   RO         2899    i.USBD_HID_DeInit   usbd_hid.o
    0x08002460   0x08002460   0x0000000c   Code   RO         2900    i.USBD_HID_GetDeviceQualifierDesc  usbd_hid.o
    0x0800246c   0x0800246c   0x0000000c   Code   RO         2901    i.USBD_HID_GetFSCfgDesc  usbd_hid.o
    0x08002478   0x08002478   0x0000000c   Code   RO         2902    i.USBD_HID_GetHSCfgDesc  usbd_hid.o
    0x08002484   0x08002484   0x0000000c   Code   RO         2903    i.USBD_HID_GetOtherSpeedCfgDesc  usbd_hid.o
    0x08002490   0x08002490   0x0000002a   Code   RO         2905    i.USBD_HID_Init     usbd_hid.o
    0x080024ba   0x080024ba   0x00000024   Code   RO         2906    i.USBD_HID_SendReport  usbd_hid.o
    0x080024de   0x080024de   0x00000002   PAD
    0x080024e0   0x080024e0   0x000000c8   Code   RO         2907    i.USBD_HID_Setup    usbd_hid.o
    0x080025a8   0x080025a8   0x0000002a   Code   RO         2637    i.USBD_Init         usbd_core.o
    0x080025d2   0x080025d2   0x00000012   Code   RO          564    i.USBD_LL_ClearStallEP  usbd_conf.o
    0x080025e4   0x080025e4   0x00000012   Code   RO          565    i.USBD_LL_CloseEP   usbd_conf.o
    0x080025f6   0x080025f6   0x000000c6   Code   RO         2638    i.USBD_LL_DataInStage  usbd_core.o
    0x080026bc   0x080026bc   0x00000082   Code   RO         2639    i.USBD_LL_DataOutStage  usbd_core.o
    0x0800273e   0x0800273e   0x00000002   PAD
    0x08002740   0x08002740   0x00000068   Code   RO          570    i.USBD_LL_Init      usbd_conf.o
    0x080027a8   0x080027a8   0x00000020   Code   RO          571    i.USBD_LL_IsStallEP  usbd_conf.o
    0x080027c8   0x080027c8   0x00000018   Code   RO          572    i.USBD_LL_OpenEP    usbd_conf.o
    0x080027e0   0x080027e0   0x00000012   Code   RO          573    i.USBD_LL_PrepareReceive  usbd_conf.o
    0x080027f2   0x080027f2   0x00000050   Code   RO         2644    i.USBD_LL_Reset     usbd_core.o
    0x08002842   0x08002842   0x00000014   Code   RO         2645    i.USBD_LL_Resume    usbd_core.o
    0x08002856   0x08002856   0x00000018   Code   RO         2646    i.USBD_LL_SOF       usbd_core.o
    0x0800286e   0x0800286e   0x00000006   Code   RO         2647    i.USBD_LL_SetSpeed  usbd_core.o
    0x08002874   0x08002874   0x00000012   Code   RO          574    i.USBD_LL_SetUSBAddress  usbd_conf.o
    0x08002886   0x08002886   0x0000005a   Code   RO         2648    i.USBD_LL_SetupStage  usbd_core.o
    0x080028e0   0x080028e0   0x00000012   Code   RO          575    i.USBD_LL_StallEP   usbd_conf.o
    0x080028f2   0x080028f2   0x00000012   Code   RO          576    i.USBD_LL_Start     usbd_conf.o
    0x08002904   0x08002904   0x00000012   Code   RO         2649    i.USBD_LL_Suspend   usbd_core.o
    0x08002916   0x08002916   0x00000012   Code   RO          578    i.USBD_LL_Transmit  usbd_conf.o
    0x08002928   0x08002928   0x00000028   Code   RO         2776    i.USBD_ParseSetupRequest  usbd_ctlreq.o
    0x08002950   0x08002950   0x00000010   Code   RO         2650    i.USBD_RegisterClass  usbd_core.o
    0x08002960   0x08002960   0x00000016   Code   RO         2652    i.USBD_SetClassConfig  usbd_core.o
    0x08002976   0x08002976   0x00000002   PAD
    0x08002978   0x08002978   0x00000084   Code   RO         2777    i.USBD_SetConfig    usbd_ctlreq.o
    0x080029fc   0x080029fc   0x0000000a   Code   RO         2653    i.USBD_Start        usbd_core.o
    0x08002a06   0x08002a06   0x00000112   Code   RO         2778    i.USBD_StdDevReq    usbd_ctlreq.o
    0x08002b18   0x08002b18   0x00000150   Code   RO         2779    i.USBD_StdEPReq     usbd_ctlreq.o
    0x08002c68   0x08002c68   0x0000004e   Code   RO         2780    i.USBD_StdItfReq    usbd_ctlreq.o
    0x08002cb6   0x08002cb6   0x00000002   Code   RO          579    i.USBD_static_free  usbd_conf.o
    0x08002cb8   0x08002cb8   0x00000008   Code   RO          580    i.USBD_static_malloc  usbd_conf.o
    0x08002cc0   0x08002cc0   0x0000029c   Code   RO         1076    i.USB_ActivateEndpoint  stm32f1xx_ll_usb.o
    0x08002f5c   0x08002f5c   0x00000004   Code   RO         1079    i.USB_CoreInit      stm32f1xx_ll_usb.o
    0x08002f60   0x08002f60   0x0000010e   Code   RO         1081    i.USB_DeactivateEndpoint  stm32f1xx_ll_usb.o
    0x0800306e   0x0800306e   0x00000004   Code   RO         1082    i.USB_DevConnect    stm32f1xx_ll_usb.o
    0x08003072   0x08003072   0x00000004   Code   RO         1083    i.USB_DevDisconnect  stm32f1xx_ll_usb.o
    0x08003076   0x08003076   0x00000012   Code   RO         1084    i.USB_DevInit       stm32f1xx_ll_usb.o
    0x08003088   0x08003088   0x0000000e   Code   RO         1085    i.USB_DisableGlobalInt  stm32f1xx_ll_usb.o
    0x08003096   0x08003096   0x00000004   Code   RO         1086    i.USB_EP0_OutStart  stm32f1xx_ll_usb.o
    0x0800309a   0x0800309a   0x00000078   Code   RO         1087    i.USB_EPClearStall  stm32f1xx_ll_usb.o
    0x08003112   0x08003112   0x00000032   Code   RO         1088    i.USB_EPSetStall    stm32f1xx_ll_usb.o
    0x08003144   0x08003144   0x000004e2   Code   RO         1089    i.USB_EPStartXfer   stm32f1xx_ll_usb.o
    0x08003626   0x08003626   0x00000012   Code   RO         1091    i.USB_EnableGlobalInt  stm32f1xx_ll_usb.o
    0x08003638   0x08003638   0x0000000c   Code   RO          322    i.USB_LP_CAN1_RX0_IRQHandler  stm32f1xx_it.o
    0x08003644   0x08003644   0x00000006   Code   RO         1098    i.USB_ReadInterrupts  stm32f1xx_ll_usb.o
    0x0800364a   0x0800364a   0x00000002   PAD
    0x0800364c   0x0800364c   0x0000002c   Code   RO         1099    i.USB_ReadPMA       stm32f1xx_ll_usb.o
    0x08003678   0x08003678   0x00000004   Code   RO         1100    i.USB_SetCurrentMode  stm32f1xx_ll_usb.o
    0x0800367c   0x0800367c   0x0000000c   Code   RO         1101    i.USB_SetDevAddress  stm32f1xx_ll_usb.o
    0x08003688   0x08003688   0x00000026   Code   RO         1103    i.USB_WritePMA      stm32f1xx_ll_usb.o
    0x080036ae   0x080036ae   0x00000002   Code   RO          323    i.UsageFault_Handler  stm32f1xx_it.o
    0x080036b0   0x080036b0   0x00000034   Code   RO           30    i.Write_MFRC522     stm32f1_rc522.o
    0x080036e4   0x080036e4   0x00000020   Code   RO         1752    i.__NVIC_SetPriority  stm32f1xx_hal_cortex.o
    0x08003704   0x08003704   0x000000e0   Code   RO          230    i.main              main.o
    0x080037e4   0x080037e4   0x00000012   Data   RO         1450    .constdata          stm32f1xx_hal_rcc.o
    0x080037f6   0x080037f6   0x00000010   Data   RO         2599    .constdata          system_stm32f1xx.o
    0x08003806   0x08003806   0x00000002   PAD
    0x08003808   0x08003808   0x00000020   Data   RO         3137    Region$$Table       anon$$obj.o


    Execution Region RW_IRAM1 (Exec base: 0x20000000, Load base: 0x08003828, Size: 0x00000ff8, Max: 0x00005000, ABSOLUTE, COMPRESSED[0x000000c8])

    Exec Addr    Load Addr    Size         Type   Attr      Idx    E Section Name        Object

    0x20000000   COMPRESSED   0x00000006   Data   RW          232    .data               main.o
    0x20000006   COMPRESSED   0x00000002   PAD
    0x20000008   COMPRESSED   0x0000001c   Data   RW          472    .data               usbd_desc.o
    0x20000024   COMPRESSED   0x00000032   Data   RW          473    .data               usbd_desc.o
    0x20000056   COMPRESSED   0x00000002   PAD
    0x20000058   COMPRESSED   0x0000000c   Data   RW         1287    .data               stm32f1xx_hal.o
    0x20000064   COMPRESSED   0x00000004   Data   RW         2601    .data               system_stm32f1xx.o
    0x20000068   COMPRESSED   0x00000001   Data   RW         2781    .data               usbd_ctlreq.o
    0x20000069   COMPRESSED   0x00000003   PAD
    0x2000006c   COMPRESSED   0x00000038   Data   RW         2908    .data               usbd_hid.o
    0x200000a4   COMPRESSED   0x000000c3   Data   RW         2909    .data               usbd_hid.o
    0x20000167   COMPRESSED   0x00000001   PAD
    0x20000168        -       0x00000068   Zero   RW          231    .bss                main.o
    0x200001d0        -       0x000002c4   Zero   RW          433    .bss                usb_device.o
    0x20000494        -       0x00000200   Zero   RW          471    .bss                usbd_desc.o
    0x20000694        -       0x00000304   Zero   RW          581    .bss                usbd_conf.o
    0x20000998        -       0x00000060   Zero   RW         3011    .bss                c_w.l(libspace.o)
    0x200009f8        -       0x00000200   Zero   RW            2    HEAP                startup_stm32f103xb.o
    0x20000bf8        -       0x00000400   Zero   RW            1    STACK               startup_stm32f103xb.o


==============================================================================

Image component sizes


      Code (inc. data)   RO Data    RW Data    ZI Data      Debug   Object Name

       570         44          0          6        104       8572   main.o
        64         26        236          0       1536        824   startup_stm32f103xb.o
       680         24          0          0          0     412499   stm32f1_rc522.o
       164         28          0         12          0       6005   stm32f1xx_hal.o
       198         14          0          0          0      29019   stm32f1xx_hal_cortex.o
       490         34          0          0          0       2928   stm32f1xx_hal_gpio.o
       172         22          0          0          0       1604   stm32f1xx_hal_msp.o
      3076          0          0          0          0      13881   stm32f1xx_hal_pcd.o
        60          0          0          0          0       1198   stm32f1xx_hal_pcd_ex.o
      1176         60         18          0          0       4038   stm32f1xx_hal_rcc.o
       236         12          0          0          0       1412   stm32f1xx_hal_rcc_ex.o
       888          4          0          0          0       4813   stm32f1xx_hal_spi.o
        32          6          0          0          0       4451   stm32f1xx_it.o
      2528          0          0          0          0      16355   stm32f1xx_ll_usb.o
         2          0         16          4          0       1155   system_stm32f1xx.o
        64         12          0          0        708        808   usb_device.o
       524         30          0          0        772      13961   usbd_conf.o
       670          0          0          0          0       9643   usbd_core.o
      1186         28          0          1          0       8032   usbd_ctlreq.o
       276         92          0         78        512       6045   usbd_desc.o
       370         20          0        251          0       7925   usbd_hid.o
       102          0          0          0          0       3732   usbd_ioreq.o

    ----------------------------------------------------------------------
     13554        456        304        360       3632     558900   Object Totals
         0          0         32          0          0          0   (incl. Generated)
        26          0          2          8          0          0   (incl. Padding)

    ----------------------------------------------------------------------

      Code (inc. data)   RO Data    RW Data    ZI Data      Debug   Library Member Name

        90          0          0          0          0          0   __dczerorl2.o
         8          0          0          0          0         68   __main.o
         0          0          0          0          0          0   __rtentry.o
        12          0          0          0          0          0   __rtentry2.o
         6          0          0          0          0          0   __rtentry4.o
        52          8          0          0          0          0   __scatter.o
        28          0          0          0          0          0   __scatter_zi.o
        18          0          0          0          0         80   exit.o
         6          0          0          0          0        152   heapauxi.o
         0          0          0          0          0          0   indicate_semi.o
         2          0          0          0          0          0   libinit.o
         2          0          0          0          0          0   libinit2.o
         2          0          0          0          0          0   libshutdown.o
         2          0          0          0          0          0   libshutdown2.o
         8          4          0          0         96         68   libspace.o
        78          0          0          0          0         80   rt_memclr_w.o
       100          0          0          0          0         80   rt_memcpy_w.o
         2          0          0          0          0          0   rtexit.o
        10          0          0          0          0          0   rtexit2.o
        12          4          0          0          0         68   sys_exit.o
        74          0          0          0          0         80   sys_stackheap_outer.o
         2          0          0          0          0         68   use_no_semi.o

    ----------------------------------------------------------------------
       518         16          0          0         96        744   Library Totals
         4          0          0          0          0          0   (incl. Padding)

    ----------------------------------------------------------------------

      Code (inc. data)   RO Data    RW Data    ZI Data      Debug   Library Name

       514         16          0          0         96        744   c_w.l

    ----------------------------------------------------------------------
       518         16          0          0         96        744   Library Totals

    ----------------------------------------------------------------------

==============================================================================


      Code (inc. data)   RO Data    RW Data    ZI Data      Debug   

     14072        472        304        360       3728     552100   Grand Totals
     14072        472        304        200       3728     552100   ELF Image Totals (compressed)
     14072        472        304        200          0          0   ROM Totals

==============================================================================

    Total RO  Size (Code + RO Data)                14376 (  14.04kB)
    Total RW  Size (RW Data + ZI Data)              4088 (   3.99kB)
    Total ROM Size (Code + RO Data + RW Data)      14576 (  14.23kB)

==============================================================================

