09:28:08 **** Incremental Build of configuration Debug for project COM ****
make -j16 all 
arm-none-eabi-gcc -o "COM.elf" @"objects.list"   -mcpu=cortex-m3 -T"C:\Users\khanh\Desktop\Khanh\232\nhung\project\COM\COM\STM32F103C8TX_FLASH.ld" --specs=nosys.specs -Wl,-Map="COM.map" -Wl,--gc-sections -static --specs=nano.specs -mfloat-abi=soft -mthumb -Wl,--start-group -lc -lm -Wl,--end-group
Finished building target: COM.elf
 
arm-none-eabi-size  COM.elf 
arm-none-eabi-objdump -h -S COM.elf  > "COM.list"
   text	   data	    bss	    dec	    hex	filename
   4656	     20	   1572	   6248	   1868	COM.elf
arm-none-eabi-objcopy  -O ihex COM.elf  "COM.hex"
Finished building: default.size.stdout
 
Finished building: COM.list
 
Finished building: COM.hex
 

09:28:09 Build Finished. 0 errors, 0 warnings. (took 1s.303ms)

